Archive member included because of file (symbol)

C:/ethernut-5.1/nutbld/lib\libnutos.a(heap.o)
                              C:/ethernut-5.1/nutbld/lib/nutinit.o (NutHeapRootAdd)
C:/ethernut-5.1/nutbld/lib\libnutos.a(thread.o)
                              C:/ethernut-5.1/nutbld/lib/nutinit.o (NutThreadDestroy)
C:/ethernut-5.1/nutbld/lib\libnutos.a(timer.o)
                              uas1.o (NutMicroDelay)
C:/ethernut-5.1/nutbld/lib\libnutos.a(event.o)
                              C:/ethernut-5.1/nutbld/lib\libnutos.a(thread.o) (NutEventPostAsync)
C:/ethernut-5.1/nutbld/lib\libnutos.a(devreg.o)
                              uas1.o (NutRegisterDevice)
C:/ethernut-5.1/nutbld/lib\libnutos.a(confos.o)
                              C:/ethernut-5.1/nutbld/lib/nutinit.o (NutLoadConfig)
C:/ethernut-5.1/nutbld/lib\libnutarch.a(ethernut1.o)
                              C:/ethernut-5.1/nutbld/lib/nutinit.o (NutBoardInit)
C:/ethernut-5.1/nutbld/lib\libnutarch.a(context_gcc.o)
                              C:/ethernut-5.1/nutbld/lib\libnutos.a(thread.o) (NutThreadSwitch)
C:/ethernut-5.1/nutbld/lib\libnutarch.a(ostimer.o)
                              C:/ethernut-5.1/nutbld/lib\libnutos.a(timer.o) (NutArchClockGet)
C:/ethernut-5.1/nutbld/lib\libnutarch.a(ih_timer0_comp.o)
                              C:/ethernut-5.1/nutbld/lib\libnutarch.a(ostimer.o) (sig_OUTPUT_COMPARE0)
C:/ethernut-5.1/nutbld/lib\libnutarch.a(usart0avr.o)
                              uas1.o (devUsartAvr0)
C:/ethernut-5.1/nutbld/lib\libnutarch.a(ih_usart0_rx.o)
                              C:/ethernut-5.1/nutbld/lib\libnutarch.a(usart0avr.o) (sig_UART0_RECV)
C:/ethernut-5.1/nutbld/lib\libnutarch.a(ih_usart0_udre.o)
                              C:/ethernut-5.1/nutbld/lib\libnutarch.a(usart0avr.o) (sig_UART0_DATA)
C:/ethernut-5.1/nutbld/lib\libnutdev.a(ihndlr.o)
                              C:/ethernut-5.1/nutbld/lib\libnutarch.a(ih_timer0_comp.o) (CallHandler)
C:/ethernut-5.1/nutbld/lib\libnutdev.a(usart.o)
                              C:/ethernut-5.1/nutbld/lib\libnutarch.a(usart0avr.o) (UsartInit)
C:/ethernut-5.1/nutbld/lib\libnutdev.a(nvmem.o)
                              C:/ethernut-5.1/nutbld/lib\libnutos.a(confos.o) (NutNvMemSave)
C:/ethernut-5.1/nutbld/lib\libnutarch.a(eeprom.o)
                              C:/ethernut-5.1/nutbld/lib\libnutdev.a(nvmem.o) (OnChipNvMemSave)
C:/ethernut-5.1/nutbld/lib\libnutcrt.a(ioctl.o)
                              uas1.o (_ioctl)
C:/ethernut-5.1/nutbld/lib\libnutcrt.a(fflush.o)
                              uas1.o (fflush)
C:/ethernut-5.1/nutbld/lib\libnutcrt.a(fileno.o)
                              uas1.o (_fileno)
C:/ethernut-5.1/nutbld/lib\libnutcrt.a(fopen.o)
                              uas1.o (fopen)
C:/ethernut-5.1/nutbld/lib\libnutcrt.a(fgets.o)
                              uas1.o (fgets)
C:/ethernut-5.1/nutbld/lib\libnutcrt.a(fprintf.o)
                              uas1.o (fprintf)
C:/ethernut-5.1/nutbld/lib\libnutcrt.a(fputs.o)
                              uas1.o (fputs)
C:/ethernut-5.1/nutbld/lib\libnutcrt.a(vfprintf.o)
                              C:/ethernut-5.1/nutbld/lib\libnutcrt.a(fprintf.o) (vfprintf)
C:/ethernut-5.1/nutbld/lib\libnutcrt.a(sscanf.o)
                              uas1.o (sscanf)
C:/ethernut-5.1/nutbld/lib\libnutcrt.a(vsscanf.o)
                              C:/ethernut-5.1/nutbld/lib\libnutcrt.a(sscanf.o) (vsscanf)
C:/ethernut-5.1/nutbld/lib\libnutcrt.a(errno.o)
                              C:/ethernut-5.1/nutbld/lib\libnutcrt.a(fopen.o) (errno)
C:/ethernut-5.1/nutbld/lib\libnutcrt.a(malloc.o)
                              C:/ethernut-5.1/nutbld/lib\libnutdev.a(usart.o) (free)
C:/ethernut-5.1/nutbld/lib\libnutcrt.a(open.o)
                              C:/ethernut-5.1/nutbld/lib\libnutcrt.a(fopen.o) (_open)
C:/ethernut-5.1/nutbld/lib\libnutcrt.a(getf.o)
                              C:/ethernut-5.1/nutbld/lib\libnutcrt.a(vsscanf.o) (_getf)
C:/ethernut-5.1/nutbld/lib\libnutcrt.a(putf.o)
                              C:/ethernut-5.1/nutbld/lib\libnutcrt.a(vfprintf.o) (_putf)
C:/ethernut-5.1/nutbld/lib\libnutcrt.a(write.o)
                              C:/ethernut-5.1/nutbld/lib\libnutcrt.a(fflush.o) (_write)
C:/ethernut-5.1/nutbld/lib\libnutcrt.a(fmode.o)
                              C:/ethernut-5.1/nutbld/lib\libnutcrt.a(fopen.o) (_fmode)
C:/ethernut-5.1/nutbld/lib\libnutcrt.a(fgetc.o)
                              C:/ethernut-5.1/nutbld/lib\libnutcrt.a(fgets.o) (fgetc)
C:/ethernut-5.1/nutbld/lib\libnutcrt.a(read.o)
                              C:/ethernut-5.1/nutbld/lib\libnutcrt.a(fgetc.o) (_read)
c:/winavr-20100110/bin/../lib/gcc/avr/4.3.3/avr51\libgcc.a(_mulsi3.o)
                              C:/ethernut-5.1/nutbld/lib\libnutos.a(timer.o) (__mulsi3)
c:/winavr-20100110/bin/../lib/gcc/avr/4.3.3/avr51\libgcc.a(_udivmodsi4.o)
[...]
Memory Configuration

Name             Origin             Length             Attributes
text             0x00000000         0x00020000         xr
data             0x00800060         0x0000ffa0         rw !x
eeprom           0x00810000         0x00010000         rw !x
fuse             0x00820000         0x00000400         rw !x
lock             0x00830000         0x00000400         rw !x
signature        0x00840000         0x00000400         rw !x
*default*        0x00000000         0xffffffff

Linker script and memory map

Address of section .data set to 0x800100
LOAD c:/winavr-20100110/bin/../lib/gcc/avr/4.3.3/../../../../avr/lib/avr51/crtm128.o
LOAD uas1.o
                0x00000000                main = 0x0
START GROUP
LOAD C:/ethernut-5.1/nutbld/lib/nutinit.o
LOAD C:/ethernut-5.1/nutbld/lib\libnutpro.a
LOAD C:/ethernut-5.1/nutbld/lib\libnutos.a
LOAD C:/ethernut-5.1/nutbld/lib\libnutarch.a
LOAD C:/ethernut-5.1/nutbld/lib\libnutdev.a
LOAD C:/ethernut-5.1/nutbld/lib\libnutarch.a
LOAD C:/ethernut-5.1/nutbld/lib\libnutfs.a
LOAD C:/ethernut-5.1/nutbld/lib\libnutnet.a
LOAD C:/ethernut-5.1/nutbld/lib\libnutcrt.a
END GROUP
LOAD c:/winavr-20100110/bin/../lib/gcc/avr/4.3.3/avr51\libgcc.a
LOAD c:/winavr-20100110/bin/../lib/gcc/avr/4.3.3/../../../../avr/lib/avr51\libc.a
LOAD c:/winavr-20100110/bin/../lib/gcc/avr/4.3.3/avr51\libgcc.a

.hash
 *(.hash)

.dynsym
 *(.dynsym)

.dynstr
 *(.dynstr)

.gnu.version
 *(.gnu.version)

.gnu.version_d
 *(.gnu.version_d)

.gnu.version_r
 *(.gnu.version_r)

.rel.init
 *(.rel.init)

.rela.init
 *(.rela.init)

.rel.text
 *(.rel.text)
 *(.rel.text.*)
 *(.rel.gnu.linkonce.t*)

.rela.text
 *(.rela.text)
 *(.rela.text.*)
 *(.rela.gnu.linkonce.t*)

.rel.fini
 *(.rel.fini)

.rela.fini
 *(.rela.fini)

.rel.rodata
 *(.rel.rodata)
 *(.rel.rodata.*)
 *(.rel.gnu.linkonce.r*)

.rela.rodata
 *(.rela.rodata)
 *(.rela.rodata.*)
 *(.rela.gnu.linkonce.r*)

.rel.data
 *(.rel.data)
 *(.rel.data.*)
 *(.rel.gnu.linkonce.d*)

.rela.data
 *(.rela.data)
 *(.rela.data.*)
 *(.rela.gnu.linkonce.d*)

.rel.ctors
 *(.rel.ctors)

.rela.ctors
 *(.rela.ctors)

.rel.dtors
 *(.rel.dtors)

.rela.dtors
 *(.rela.dtors)

.rel.got
 *(.rel.got)

.rela.got
 *(.rela.got)

.rel.bss
 *(.rel.bss)

.rela.bss
 *(.rela.bss)

.rel.plt
 *(.rel.plt)

.rela.plt
 *(.rela.plt)

.text           0x00000000     0x5314
 *(.vectors)
 .vectors       0x00000000       0x8c c:/winavr-20100110/bin/../lib/gcc/avr/4.3.3/../../../../avr/lib/avr51/crtm128.o
                0x00000000                __vectors
                0x00000000                __vector_default
 *(.vectors)
 *(.progmem.gcc*)
 .progmem.gcc_sw_table
                0x0000008c       0x62 C:/ethernut-5.1/nutbld/lib\libnutdev.a(usart.o)
 *(.progmem*)
                0x000000ee                . = ALIGN (0x2)
                0x000000ee                __trampolines_start = .
 *(.trampolines)
 .trampolines   0x000000ee        0x0 linker stubs
 *(.trampolines*)
                0x000000ee                __trampolines_end = .
 *(.jumptables)
 *(.jumptables*)
 *(.lowtext)
 *(.lowtext*)
                0x000000ee                __ctors_start = .
 *(.ctors)
                0x000000ee                __ctors_end = .
                0x000000ee                __dtors_start = .
 *(.dtors)
                0x000000ee                __dtors_end = .
 SORT(*)(.ctors)
 SORT(*)(.dtors)
 *(.init0)
 .init0         0x000000ee        0x0 c:/winavr-20100110/bin/../lib/gcc/avr/4.3.3/../../../../avr/lib/avr51/crtm128.o
                0x000000ee                __init
 *(.init0)
 *(.init1)
 .init1         0x000000ee        0x4 C:/ethernut-5.1/nutbld/lib/nutinit.o
 .init1         0x000000f2       0x44 C:/ethernut-5.1/nutbld/lib\libnutarch.a(ethernut1.o)
 *(.init1)
 *(.init2)
 .init2         0x00000136        0xc c:/winavr-20100110/bin/../lib/gcc/avr/4.3.3/../../../../avr/lib/avr51/crtm128.o
 *(.init2)
 *(.init3)
 *(.init3)
 *(.init4)
 .init4         0x00000142       0x1a c:/winavr-20100110/bin/../lib/gcc/avr/4.3.3/../../../../avr/lib/avr51/crtm128.o
                0x00000142                __do_copy_data
 .init4         0x0000015c       0x10 c:/winavr-20100110/bin/../lib/gcc/avr/4.3.3/avr51\libgcc.a(_clear_bss.o)
                0x0000015c                __do_clear_bss
 *(.init4)
 *(.init5)
 .init5         0x0000016c       0x2a C:/ethernut-5.1/nutbld/lib/nutinit.o
 *(.init5)
 *(.init6)
 *(.init6)
 *(.init7)
 *(.init7)
 *(.init8)
 .init8         0x00000196       0x1c C:/ethernut-5.1/nutbld/lib/nutinit.o
                0x00000196                NutInit
 *(.init8)
 *(.init9)
 .init9         0x000001b2        0x8 c:/winavr-20100110/bin/../lib/gcc/avr/4.3.3/../../../../avr/lib/avr51/crtm128.o
 *(.init9)
 *(.text)
 .text          0x000001ba        0x4 c:/winavr-20100110/bin/../lib/gcc/avr/4.3.3/../../../../avr/lib/avr51/crtm128.o
                0x000001ba                __vector_22
                0x000001ba                __vector_28
                0x000001ba                __vector_1
                0x000001ba                __vector_32
                0x000001ba                __vector_34
                0x000001ba                __vector_24
                0x000001ba                __vector_12
                0x000001ba                __bad_interrupt
                0x000001ba                __vector_6
                0x000001ba                __vector_31
                0x000001ba                __vector_3
                0x000001ba                __vector_23
                0x000001ba                __vector_30
                0x000001ba                __vector_25
                0x000001ba                __vector_11
                0x000001ba                __vector_13
                0x000001ba                __vector_17
                0x000001ba                __vector_7
                0x000001ba                __vector_27
                0x000001ba                __vector_5
                0x000001ba                __vector_33
                0x000001ba                __vector_4
                0x000001ba                __vector_9
                0x000001ba                __vector_2
                0x000001ba                __vector_21
                0x000001ba                __vector_29
                0x000001ba                __vector_8
                0x000001ba                __vector_26
                0x000001ba                __vector_14
                0x000001ba                __vector_10
                0x000001ba                __vector_16
                0x000001ba                __vector_20
 .text          0x000001be       0x58 c:/winavr-20100110/bin/../lib/gcc/avr/4.3.3/avr51\libgcc.a(_fixunssfsi.o)
                0x000001be                __fixunssfsi
 .text          0x00000216      0x354 c:/winavr-20100110/bin/../lib/gcc/avr/4.3.3/avr51\libgcc.a(_addsub_sf.o)
                0x000004ae                __subsf3
                0x00000510                __addsf3
 .text          0x0000056a      0x1f4 c:/winavr-20100110/bin/../lib/gcc/avr/4.3.3/avr51\libgcc.a(_mul_sf.o)
                0x0000056a                __mulsf3
 .text          0x0000075e       0x60 c:/winavr-20100110/bin/../lib/gcc/avr/4.3.3/avr51\libgcc.a(_gt_sf.o)
                0x0000075e                __gtsf2
 .text          0x000007be       0x60 c:/winavr-20100110/bin/../lib/gcc/avr/4.3.3/avr51\libgcc.a(_ge_sf.o)
                0x000007be                __gesf2
 .text          0x0000081e       0x60 c:/winavr-20100110/bin/../lib/gcc/avr/4.3.3/avr51\libgcc.a(_lt_sf.o)
                0x0000081e                __ltsf2
 .text          0x0000087e       0xa8 c:/winavr-20100110/bin/../lib/gcc/avr/4.3.3/avr51\libgcc.a(_sf_to_si.o)
                0x0000087e                __fixsfsi
 .text          0x00000926       0xf2 c:/winavr-20100110/bin/../lib/gcc/avr/4.3.3/avr51\libgcc.a(_usi_to_sf.o)
                0x00000926                __floatunsisf
 .text          0x00000a18       0x9e c:/winavr-20100110/bin/../lib/gcc/avr/4.3.3/avr51\libgcc.a(_clzsi2.o)
                0x00000a18                __clzsi2
 .text          0x00000ab6      0x1aa c:/winavr-20100110/bin/../lib/gcc/avr/4.3.3/avr51\libgcc.a(_pack_sf.o)
                0x00000ab6                __pack_f
 .text          0x00000c60       0xf0 c:/winavr-20100110/bin/../lib/gcc/avr/4.3.3/avr51\libgcc.a(_unpack_sf.o)
                0x00000c60                __unpack_f
 .text          0x00000d50       0xb2 c:/winavr-20100110/bin/../lib/gcc/avr/4.3.3/avr51\libgcc.a(_fpcmp_parts_sf.o)
                0x00000d50                __fpcmp_parts_f
                0x00000e02                . = ALIGN (0x2)
 *(.text.*)
 .text.calc_sth11
                0x00000e02      0x180 uas1.o
                0x00000e02                calc_sth11
 .text.NutAppMain
                0x00000f82       0x7e uas1.o
                0x00000f82                NutAppMain
 .text.Thread3  0x00001000       0x22 uas1.o
                0x00001000                Thread3
 .text.Thread2  0x00001022       0x1e uas1.o
                0x00001022                Thread2
 .text.Thread1  0x00001040       0x1e uas1.o
                0x00001040                Thread1
 .text.rotate_Left
                0x0000105e       0x60 uas1.o
                0x0000105e                rotate_Left
 .text.rotate_Right
                0x000010be       0x60 uas1.o
                0x000010be                rotate_Right
 .text.led_on   0x0000111e       0x50 uas1.o
                0x0000111e                led_on
 .text.InitUART0
                0x0000116e       0x34 uas1.o
                0x0000116e                InitUART0
 .text.SHT11_Start
                0x000011a2       0x5a uas1.o
                0x000011a2                SHT11_Start
 .text.SHT11_Reset
                0x000011fc       0x3e uas1.o
                0x000011fc                SHT11_Reset
 .text.SHT11_ByteRD
                0x0000123a       0x76 uas1.o
                0x0000123a                SHT11_ByteRD
 .text.SHT11_ByteWR
                0x000012b0       0x7c uas1.o
                0x000012b0                SHT11_ByteWR
 .text.SHT11_TEMP
                0x0000132c       0x88 uas1.o
                0x0000132c                SHT11_TEMP
 .text.SHT11_HUMI
                0x000013b4       0x84 uas1.o
                0x000013b4                SHT11_HUMI
 .text.Thread4  0x00001438      0x5be uas1.o
                0x00001438                Thread4
 .text.NutIdle  0x000019f6       0x52 C:/ethernut-5.1/nutbld/lib/nutinit.o
                0x000019f6                NutIdle
 .text.NutHeapRootAlloc
                0x00001a48       0xb0 C:/ethernut-5.1/nutbld/lib\libnutos.a(heap.o)
                0x00001a48                NutHeapRootAlloc
 .text.NutHeapRootFree
                0x00001af8       0xd8 C:/ethernut-5.1/nutbld/lib\libnutos.a(heap.o)
                0x00001af8                NutHeapRootFree
 .text.NutHeapRootAdd
                0x00001bd0       0x22 C:/ethernut-5.1/nutbld/lib\libnutos.a(heap.o)
                0x00001bd0                NutHeapRootAdd
 .text.NutThreadAddPriQueue
                0x00001bf2       0xb2 C:/ethernut-5.1/nutbld/lib\libnutos.a(thread.o)
                0x00001bf2                NutThreadAddPriQueue
 .text.NutThreadRemoveQueue
                0x00001ca4       0x8e C:/ethernut-5.1/nutbld/lib\libnutos.a(thread.o)
                0x00001ca4                NutThreadRemoveQueue
 .text.NutThreadWake
                0x00001d32       0x16 C:/ethernut-5.1/nutbld/lib\libnutos.a(thread.o)
                0x00001d32                NutThreadWake
 .text.NutThreadDestroy
                0x00001d48       0x22 C:/ethernut-5.1/nutbld/lib\libnutos.a(thread.o)
                0x00001d48                NutThreadDestroy
 .text.NutThreadKill
                0x00001d6a       0x4e C:/ethernut-5.1/nutbld/lib\libnutos.a(thread.o)
                0x00001d6a                NutThreadKill
 .text.NutThreadSetPriority
                0x00001db8       0x6e C:/ethernut-5.1/nutbld/lib\libnutos.a(thread.o)
                0x00001db8                NutThreadSetPriority
 .text.NutThreadResume
                0x00001e26       0x8a C:/ethernut-5.1/nutbld/lib\libnutos.a(thread.o)
                0x00001e26                NutThreadResume
 .text.NutThreadYield
                0x00001eb0       0x30 C:/ethernut-5.1/nutbld/lib\libnutos.a(thread.o)
                0x00001eb0                NutThreadYield
 .text.NutTimerIntr
                0x00001ee0       0x28 C:/ethernut-5.1/nutbld/lib\libnutos.a(timer.o)
                0x00001ee0                NutTimerIntr
 .text.NutTimerInsert
                0x00001f08       0x86 C:/ethernut-5.1/nutbld/lib\libnutos.a(timer.o)
                0x00001f08                NutTimerInsert
 .text.NutTimerStop
                0x00001f8e       0x80 C:/ethernut-5.1/nutbld/lib\libnutos.a(timer.o)
                0x00001f8e                NutTimerStop
 .text.NutGetCpuClock
                0x0000200e       0x40 C:/ethernut-5.1/nutbld/lib\libnutos.a(timer.o)
                0x0000200e                NutGetCpuClock
 .text.NutMicroDelay
                0x0000204e       0x40 C:/ethernut-5.1/nutbld/lib\libnutos.a(timer.o)
                0x0000204e                NutMicroDelay
 .text.NutDelay
                0x0000208e       0x1c C:/ethernut-5.1/nutbld/lib\libnutos.a(timer.o)
                0x0000208e                NutDelay
 .text.NutTimerCreate
                0x000020aa       0xa2 C:/ethernut-5.1/nutbld/lib\libnutos.a(timer.o)
                0x000020aa                NutTimerCreate
 .text.NutTimerStartTicks
                0x0000214c       0x1e C:/ethernut-5.1/nutbld/lib\libnutos.a(timer.o)
                0x0000214c                NutTimerStartTicks
 .text.NutTimerStart
                0x0000216a       0x26 C:/ethernut-5.1/nutbld/lib\libnutos.a(timer.o)
                0x0000216a                NutTimerStart
 .text.NutSleep
                0x00002190       0x9e C:/ethernut-5.1/nutbld/lib\libnutos.a(timer.o)
                0x00002190                NutSleep
 .text.NutTimerProcessElapsed
                0x0000222e      0x11c C:/ethernut-5.1/nutbld/lib\libnutos.a(timer.o)
                0x0000222e                NutTimerProcessElapsed
 .text.NutTimerInit
                0x0000234a       0x10 C:/ethernut-5.1/nutbld/lib\libnutos.a(timer.o)
                0x0000234a                NutTimerInit
 .text.NutEventPostAsync
                0x0000235a       0xa0 C:/ethernut-5.1/nutbld/lib\libnutos.a(event.o)
                0x0000235a                NutEventPostAsync
 .text.NutEventBroadcastAsync
                0x000023fa       0x70 C:/ethernut-5.1/nutbld/lib\libnutos.a(event.o)
                0x000023fa                NutEventBroadcastAsync
 .text.NutEventBroadcast
                0x0000246a       0x1a C:/ethernut-5.1/nutbld/lib\libnutos.a(event.o)
                0x0000246a                NutEventBroadcast
 .text.NutEventTimeout
                0x00002484       0x90 C:/ethernut-5.1/nutbld/lib\libnutos.a(event.o)
                0x00002484                NutEventTimeout
 .text.NutEventWait
                0x00002514       0xc8 C:/ethernut-5.1/nutbld/lib\libnutos.a(event.o)
                0x00002514                NutEventWait
 .text.NutEventWaitNext
                0x000025dc       0x22 C:/ethernut-5.1/nutbld/lib\libnutos.a(event.o)
                0x000025dc                NutEventWaitNext
 .text.NutDeviceLookup
                0x000025fe       0x38 C:/ethernut-5.1/nutbld/lib\libnutos.a(devreg.o)
                0x000025fe                NutDeviceLookup
 .text.NutRegisterDevice
                0x00002636       0x56 C:/ethernut-5.1/nutbld/lib\libnutos.a(devreg.o)
                0x00002636                NutRegisterDevice
 .text.NutLoadConfig
                0x0000268c       0x4a C:/ethernut-5.1/nutbld/lib\libnutos.a(confos.o)
                0x0000268c                NutLoadConfig
 .text.NutBoardInit
                0x000026d6        0x2 C:/ethernut-5.1/nutbld/lib\libnutarch.a(ethernut1.o)
                0x000026d6                NutBoardInit
 .text.NutThreadEntry
                0x000026d8       0x10 C:/ethernut-5.1/nutbld/lib\libnutarch.a(context_gcc.o)
 .text.NutThreadSwitch
                0x000026e8       0x76 C:/ethernut-5.1/nutbld/lib\libnutarch.a(context_gcc.o)
                0x0000271c                thread_start
                0x000026e8                NutThreadSwitch
 .text.NutThreadCreate
                0x0000275e      0x140 C:/ethernut-5.1/nutbld/lib\libnutarch.a(context_gcc.o)
                0x0000275e                NutThreadCreate
 .text.NutArchClockGet
                0x0000289e       0x12 C:/ethernut-5.1/nutbld/lib\libnutarch.a(ostimer.o)
                0x0000289e                NutArchClockGet
 .text.NutTimerMillisToTicks
                0x000028b0       0x5c C:/ethernut-5.1/nutbld/lib\libnutarch.a(ostimer.o)
                0x000028b0                NutTimerMillisToTicks
 .text.NutRegisterTimer
                0x0000290c       0xa0 C:/ethernut-5.1/nutbld/lib\libnutarch.a(ostimer.o)
                0x0000290c                NutRegisterTimer
 .text.AvrTimer0CompIrqCtl
                0x000029ac       0x90 C:/ethernut-5.1/nutbld/lib\libnutarch.a(ih_timer0_comp.o)
 .text.__vector_15
                0x00002a3c       0x54 C:/ethernut-5.1/nutbld/lib\libnutarch.a(ih_timer0_comp.o)
                0x00002a3c                __vector_15
 .text.AvrUsartTxEmpty
                0x00002a90       0xe0 C:/ethernut-5.1/nutbld/lib\libnutarch.a(usart0avr.o)
 .text.AvrUsartRxComplete
                0x00002b70       0xf4 C:/ethernut-5.1/nutbld/lib\libnutarch.a(usart0avr.o)
 .text.AvrUsartGetDataBits
                0x00002c64       0x30 C:/ethernut-5.1/nutbld/lib\libnutarch.a(usart0avr.o)
 .text.AvrUsartGetParity
                0x00002c94       0x1c C:/ethernut-5.1/nutbld/lib\libnutarch.a(usart0avr.o)
 .text.AvrUsartGetStopBits
                0x00002cb0       0x10 C:/ethernut-5.1/nutbld/lib\libnutarch.a(usart0avr.o)
 .text.AvrUsartGetStatus
                0x00002cc0       0x70 C:/ethernut-5.1/nutbld/lib\libnutarch.a(usart0avr.o)
 .text.AvrUsartSetStatus
                0x00002d30       0xba C:/ethernut-5.1/nutbld/lib\libnutarch.a(usart0avr.o)
 .text.AvrUsartGetClockMode
                0x00002dea       0x2c C:/ethernut-5.1/nutbld/lib\libnutarch.a(usart0avr.o)
 .text.AvrUsartGetFlowControl
                0x00002e16       0x20 C:/ethernut-5.1/nutbld/lib\libnutarch.a(usart0avr.o)
 .text.AvrUsartSetFlowControl
                0x00002e36       0x72 C:/ethernut-5.1/nutbld/lib\libnutarch.a(usart0avr.o)
 .text.AvrUsartTxStart
                0x00002ea8        0x4 C:/ethernut-5.1/nutbld/lib\libnutarch.a(usart0avr.o)
 .text.AvrUsartRxStart
                0x00002eac       0x34 C:/ethernut-5.1/nutbld/lib\libnutarch.a(usart0avr.o)
 .text.AvrUsartDisable
                0x00002ee0       0x1c C:/ethernut-5.1/nutbld/lib\libnutarch.a(usart0avr.o)
 .text.AvrUsartSetClockMode
                0x00002efc       0x7c C:/ethernut-5.1/nutbld/lib\libnutarch.a(usart0avr.o)
 .text.AvrUsartSetStopBits
                0x00002f78       0x52 C:/ethernut-5.1/nutbld/lib\libnutarch.a(usart0avr.o)
 .text.AvrUsartSetParity
                0x00002fca       0x6a C:/ethernut-5.1/nutbld/lib\libnutarch.a(usart0avr.o)
 .text.AvrUsartSetDataBits
                0x00003034       0x7a C:/ethernut-5.1/nutbld/lib\libnutarch.a(usart0avr.o)
 .text.AvrUsartGetSpeed
                0x000030ae       0x96 C:/ethernut-5.1/nutbld/lib\libnutarch.a(usart0avr.o)
 .text.AvrUsartSetSpeed
                0x00003144       0x7c C:/ethernut-5.1/nutbld/lib\libnutarch.a(usart0avr.o)
 .text.AvrUsartDeinit
                0x000031c0       0x26 C:/ethernut-5.1/nutbld/lib\libnutarch.a(usart0avr.o)
 .text.AvrUsartInit
                0x000031e6       0x46 C:/ethernut-5.1/nutbld/lib\libnutarch.a(usart0avr.o)
 .text.AvrUart0RxIrqCtl
                0x0000322c       0x7e C:/ethernut-5.1/nutbld/lib\libnutarch.a(ih_usart0_rx.o)
 .text.__vector_18
                0x000032aa       0x54 C:/ethernut-5.1/nutbld/lib\libnutarch.a(ih_usart0_rx.o)
                0x000032aa                __vector_18
 .text.AvrUart0TxDataIrqCtl
                0x000032fe       0x70 C:/ethernut-5.1/nutbld/lib\libnutarch.a(ih_usart0_udre.o)
 .text.__vector_19
                0x0000336e       0x54 C:/ethernut-5.1/nutbld/lib\libnutarch.a(ih_usart0_udre.o)
                0x0000336e                __vector_19
 .text.CallHandler
                0x000033c2       0x16 C:/ethernut-5.1/nutbld/lib\libnutdev.a(ihndlr.o)
                0x000033c2                CallHandler
 .text.NutRegisterIrqHandler
                0x000033d8       0x44 C:/ethernut-5.1/nutbld/lib\libnutdev.a(ihndlr.o)
                0x000033d8                NutRegisterIrqHandler
 .text.UsartInit
                0x0000341c       0x38 C:/ethernut-5.1/nutbld/lib\libnutdev.a(usart.o)
                0x0000341c                UsartInit
 .text.UsartSize
                0x00003454       0x26 C:/ethernut-5.1/nutbld/lib\libnutdev.a(usart.o)
                0x00003454                UsartSize
 .text.UsartResetBuffer
                0x0000347a       0x9e C:/ethernut-5.1/nutbld/lib\libnutdev.a(usart.o)
 .text.UsartIOCtl
                0x00003518      0x38c C:/ethernut-5.1/nutbld/lib\libnutdev.a(usart.o)
                0x00003518                UsartIOCtl
 .text.UsartOpen
                0x000038a4       0xf0 C:/ethernut-5.1/nutbld/lib\libnutdev.a(usart.o)
                0x000038a4                UsartOpen
 .text.UsartFlushOutput
                0x00003994       0x8e C:/ethernut-5.1/nutbld/lib\libnutdev.a(usart.o)
 .text.UsartClose
                0x00003a22       0x94 C:/ethernut-5.1/nutbld/lib\libnutdev.a(usart.o)
                0x00003a22                UsartClose
 .text.UsartRead
                0x00003ab6      0x1d0 C:/ethernut-5.1/nutbld/lib\libnutdev.a(usart.o)
                0x00003ab6                UsartRead
 .text.UsartPut
                0x00003c86      0x20c C:/ethernut-5.1/nutbld/lib\libnutdev.a(usart.o)
 .text.UsartWrite_P
                0x00003e92       0x10 C:/ethernut-5.1/nutbld/lib\libnutdev.a(usart.o)
                0x00003e92                UsartWrite_P
 .text.UsartWrite
                0x00003ea2       0x10 C:/ethernut-5.1/nutbld/lib\libnutdev.a(usart.o)
                0x00003ea2                UsartWrite
 .text.NutNvMemLoad
                0x00003eb2        0x6 C:/ethernut-5.1/nutbld/lib\libnutdev.a(nvmem.o)
                0x00003eb2                NutNvMemLoad
 .text.OnChipNvMemLoad
                0x00003eb8       0x10 C:/ethernut-5.1/nutbld/lib\libnutarch.a(eeprom.o)
                0x00003eb8                OnChipNvMemLoad
 .text._ioctl   0x00003ec8       0x2a C:/ethernut-5.1/nutbld/lib\libnutcrt.a(ioctl.o)
                0x00003ec8                _ioctl
 .text.fflush   0x00003ef2       0x24 C:/ethernut-5.1/nutbld/lib\libnutcrt.a(fflush.o)
                0x00003ef2                fflush
 .text._fileno  0x00003f16        0x8 C:/ethernut-5.1/nutbld/lib\libnutcrt.a(fileno.o)
                0x00003f16                _fileno
 .text.fopen    0x00003f1e       0xbc C:/ethernut-5.1/nutbld/lib\libnutcrt.a(fopen.o)
                0x00003f1e                fopen
 .text.fgets    0x00003fda       0x56 C:/ethernut-5.1/nutbld/lib\libnutcrt.a(fgets.o)
                0x00003fda                fgets
 .text.fprintf  0x00004030       0x22 C:/ethernut-5.1/nutbld/lib\libnutcrt.a(fprintf.o)
                0x00004030                fprintf
 .text.fputs    0x00004052       0x20 C:/ethernut-5.1/nutbld/lib\libnutcrt.a(fputs.o)
                0x00004052                fputs
 .text.vfprintf
                0x00004072       0x16 C:/ethernut-5.1/nutbld/lib\libnutcrt.a(vfprintf.o)
                0x00004072                vfprintf
 .text.sscanf   0x00004088       0x22 C:/ethernut-5.1/nutbld/lib\libnutcrt.a(sscanf.o)
                0x00004088                sscanf
 .text._sgetb   0x000040aa       0x36 C:/ethernut-5.1/nutbld/lib\libnutcrt.a(vsscanf.o)
 .text.vsscanf  0x000040e0       0x2c C:/ethernut-5.1/nutbld/lib\libnutcrt.a(vsscanf.o)
                0x000040e0                vsscanf
 .text.free     0x0000410c        0xc C:/ethernut-5.1/nutbld/lib\libnutcrt.a(malloc.o)
                0x0000410c                free
 .text.malloc   0x00004118       0x20 C:/ethernut-5.1/nutbld/lib\libnutcrt.a(malloc.o)
                0x00004118                malloc
 .text._open    0x00004138       0xbe C:/ethernut-5.1/nutbld/lib\libnutcrt.a(open.o)
                0x00004138                _open
 .text._getf    0x000041f6      0x492 C:/ethernut-5.1/nutbld/lib\libnutcrt.a(getf.o)
                0x000041f6                _getf
 .text._putpad  0x00004688       0x50 C:/ethernut-5.1/nutbld/lib\libnutcrt.a(putf.o)
 .text._putf    0x000046d8      0x69e C:/ethernut-5.1/nutbld/lib\libnutcrt.a(putf.o)
                0x000046d8                _putf
 .text._write   0x00004d76       0x32 C:/ethernut-5.1/nutbld/lib\libnutcrt.a(write.o)
                0x00004d76                _write
 .text._fmode   0x00004da8       0x68 C:/ethernut-5.1/nutbld/lib\libnutcrt.a(fmode.o)
                0x00004da8                _fmode
 .text.fgetc    0x00004e10       0x68 C:/ethernut-5.1/nutbld/lib\libnutcrt.a(fgetc.o)
                0x00004e10                fgetc
 .text._read    0x00004e78       0x32 C:/ethernut-5.1/nutbld/lib\libnutcrt.a(read.o)
                0x00004e78                _read
 .text.libgcc   0x00004eaa       0x3e c:/winavr-20100110/bin/../lib/gcc/avr/4.3.3/avr51\libgcc.a(_mulsi3.o)
                0x00004eaa                __mulsi3
 .text.libgcc   0x00004ee8       0x44 c:/winavr-20100110/bin/../lib/gcc/avr/4.3.3/avr51\libgcc.a(_udivmodsi4.o)
                0x00004ee8                __udivmodsi4
 .text.libgcc   0x00004f2c       0x38 c:/winavr-20100110/bin/../lib/gcc/avr/4.3.3/avr51\libgcc.a(_prologue.o)
                0x00004f2c                __prologue_saves__
 .text.libgcc   0x00004f64       0x36 c:/winavr-20100110/bin/../lib/gcc/avr/4.3.3/avr51\libgcc.a(_epilogue.o)
                0x00004f64                __epilogue_restores__
 .text.avr-libc
                0x00004f9a      0x25e c:/winavr-20100110/bin/../lib/gcc/avr/4.3.3/../../../../avr/lib/avr51\libc.a(strtol.o)
                0x00004f9a                strtol
 .text.avr-libc
                0x000051f8       0x10 c:/winavr-20100110/bin/../lib/gcc/avr/4.3.3/../../../../avr/lib/avr51\libc.a(isspace.o)
                0x000051f8                isspace
 .text.avr-libc
                0x00005208        0xe c:/winavr-20100110/bin/../lib/gcc/avr/4.3.3/../../../../avr/lib/avr51\libc.a(strcpy_P.o)
                0x00005208                strcpy_P
 .text.avr-libc
                0x00005216       0x12 c:/winavr-20100110/bin/../lib/gcc/avr/4.3.3/../../../../avr/lib/avr51\libc.a(strlen_P.o)
                0x00005216                strlen_P
 .text.avr-libc
                0x00005228        0xa c:/winavr-20100110/bin/../lib/gcc/avr/4.3.3/../../../../avr/lib/avr51\libc.a(strtok.o)
                0x00005228                strtok
 .text.avr-libc
                0x00005232       0x1a c:/winavr-20100110/bin/../lib/gcc/avr/4.3.3/../../../../avr/lib/avr51\libc.a(memchr.o)
                0x00005232                memchr
 .text.avr-libc
                0x0000524c       0x1a c:/winavr-20100110/bin/../lib/gcc/avr/4.3.3/../../../../avr/lib/avr51\libc.a(memcmp.o)
                0x0000524c                memcmp
 .text.avr-libc
                0x00005266       0x16 c:/winavr-20100110/bin/../lib/gcc/avr/4.3.3/../../../../avr/lib/avr51\libc.a(strchr.o)
                0x00005266                strchr
 .text.avr-libc
                0x0000527c       0x12 c:/winavr-20100110/bin/../lib/gcc/avr/4.3.3/../../../../avr/lib/avr51\libc.a(strcmp.o)
                0x0000527c                strcmp
 .text.avr-libc
                0x0000528e        0xe c:/winavr-20100110/bin/../lib/gcc/avr/4.3.3/../../../../avr/lib/avr51\libc.a(strcpy.o)
                0x0000528e                strcpy
 .text.avr-libc
                0x0000529c       0x4e c:/winavr-20100110/bin/../lib/gcc/avr/4.3.3/../../../../avr/lib/avr51\libc.a(strtok_r.o)
                0x0000529c                strtok_r
 .text.avr-libc
                0x000052ea       0x20 c:/winavr-20100110/bin/../lib/gcc/avr/4.3.3/../../../../avr/lib/avr51\libc.a(eerd_block_atmega128.o)
                0x000052ee                __eerd_blraw_m128
                0x000052ea                __eerd_block_m128
 .text.avr-libc
                0x0000530a        0x6 c:/winavr-20100110/bin/../lib/gcc/avr/4.3.3/../../../../avr/lib/avr51\libc.a(cty_isfalse.o)
                0x0000530e                __ctype_istrue
                0x0000530a                __ctype_isfalse
                0x00005310                . = ALIGN (0x2)
 *(.fini9)
 .fini9         0x00005310        0x0 c:/winavr-20100110/bin/../lib/gcc/avr/4.3.3/avr51\libgcc.a(_exit.o)
                0x00005310                exit
                0x00005310                _exit
 *(.fini9)
 *(.fini8)
 *(.fini8)
 *(.fini7)
 *(.fini7)
 *(.fini6)
 *(.fini6)
 *(.fini5)
 *(.fini5)
 *(.fini4)
 *(.fini4)
 *(.fini3)
 *(.fini3)
 *(.fini2)
 *(.fini2)
 *(.fini1)
 *(.fini1)
 *(.fini0)
 .fini0         0x00005310        0x4 c:/winavr-20100110/bin/../lib/gcc/avr/4.3.3/avr51\libgcc.a(_exit.o)
 *(.fini0)
                0x00005314                _etext = .

.data           0x00800100      0x440 load address 0x00005314
                0x00800100                PROVIDE (__data_start, .)
 *(.data)
 .data          0x00800100      0x232 uas1.o
                0x0080032e                T2
                0x0080031e                C1
                0x0080031a                baud
                0x00800326                C3
                0x00800322                C2
                0x0080032a                T1
 .data          0x00800332        0xb C:/ethernut-5.1/nutbld/lib/nutinit.o
                0x0080033c                idle_sleep_mode
 .data          0x0080033d        0xc C:/ethernut-5.1/nutbld/lib\libnutos.a(confos.o)
 .data          0x00800349        0x6 C:/ethernut-5.1/nutbld/lib\libnutarch.a(ih_timer0_comp.o)
                0x00800349                sig_OUTPUT_COMPARE0
 .data          0x0080034f       0x84 C:/ethernut-5.1/nutbld/lib\libnutarch.a(usart0avr.o)
                0x0080034f                devUsartAvr0
 .data          0x008003d3        0x6 C:/ethernut-5.1/nutbld/lib\libnutarch.a(ih_usart0_rx.o)
                0x008003d3                sig_UART0_RECV
 .data          0x008003d9        0x6 C:/ethernut-5.1/nutbld/lib\libnutarch.a(ih_usart0_udre.o)
                0x008003d9                sig_UART0_DATA
 .data          0x008003df       0x10 C:/ethernut-5.1/nutbld/lib\libnutcrt.a(fopen.o)
                0x008003df                __iob
 .data          0x008003ef       0x49 C:/ethernut-5.1/nutbld/lib\libnutcrt.a(putf.o)
 .data          0x00800438        0x8 c:/winavr-20100110/bin/../lib/gcc/avr/4.3.3/avr51\libgcc.a(_thenan_sf.o)
                0x00800438                __thenan_sf
 .data          0x00800440      0x100 c:/winavr-20100110/bin/../lib/gcc/avr/4.3.3/avr51\libgcc.a(_clz.o)
                0x00800440                __clz_tab
 *(.data*)
 *(.rodata)
 *(.rodata*)
 *(.gnu.linkonce.d*)
                0x00800540                . = ALIGN (0x2)
                0x00800540                _edata = .
                0x00800540                PROVIDE (__data_end, .)

.bss            0x00800540       0xd6
                0x00800540                PROVIDE (__bss_start, .)
 *(.bss)
 .bss           0x00800540       0x96 uas1.o
 .bss           0x008005d6        0x8 C:/ethernut-5.1/nutbld/lib\libnutos.a(timer.o)
 .bss           0x008005de        0x2 C:/ethernut-5.1/nutbld/lib\libnutos.a(devreg.o)
                0x008005de                nutDeviceList
 .bss           0x008005e0        0x4 C:/ethernut-5.1/nutbld/lib\libnutarch.a(ostimer.o)
 .bss           0x008005e4        0x3 C:/ethernut-5.1/nutbld/lib\libnutarch.a(usart0avr.o)
 .bss           0x008005e7        0x2 c:/winavr-20100110/bin/../lib/gcc/avr/4.3.3/../../../../avr/lib/avr51\libc.a(strtok.o)
 *(.bss*)
 *(COMMON)
 COMMON         0x008005e9        0x8 uas1.o
                0x008005e9                TEMP_cksum
                0x008005ea                TEMP_val
                0x008005ec                HUMI_cksum
                0x008005ed                HUMI_val
                0x008005ef                uart
 COMMON         0x008005f1        0x2 C:/ethernut-5.1/nutbld/lib\libnutos.a(heap.o)
                0x008005f1                heapFreeList
 COMMON         0x008005f3        0x8 C:/ethernut-5.1/nutbld/lib\libnutos.a(thread.o)
                0x008005f3                nutThreadList
                0x008005f5                runQueue
                0x008005f7                runningThread
                0x008005f9                killedThread
 COMMON         0x008005fb        0x6 C:/ethernut-5.1/nutbld/lib\libnutos.a(timer.o)
                0x008005fb                nutTimerList
                0x008005fd                nut_ticks
 COMMON         0x00800601       0x13 C:/ethernut-5.1/nutbld/lib\libnutos.a(confos.o)
                0x00800601                confos
 COMMON         0x00800614        0x2 C:/ethernut-5.1/nutbld/lib\libnutcrt.a(errno.o)
                0x00800614                errno
                0x00800616                PROVIDE (__bss_end, .)
                0x00005314                __data_load_start = LOADADDR (.data)
                0x00005754                __data_load_end = (__data_load_start + SIZEOF (.data))

.noinit         0x00800616        0x0
                0x00800616                PROVIDE (__noinit_start, .)
 *(.noinit*)
                0x00800616                PROVIDE (__noinit_end, .)
                0x00800616                _end = .
                0x00800616                PROVIDE (__heap_start, .)

.eeprom         0x00810000        0x0
 *(.eeprom*)
                0x00810000                __eeprom_end = .

.fuse
 *(.fuse)
 *(.lfuse)
 *(.hfuse)
 *(.efuse)

.lock
 *(.lock*)

.signature
 *(.signature*)

.stab
 *(.stab)

.stabstr
 *(.stabstr)

.stab.excl
 *(.stab.excl)

.stab.exclstr
 *(.stab.exclstr)

.stab.index
 *(.stab.index)

.stab.indexstr
 *(.stab.indexstr)

.comment
 *(.comment)

.debug
 *(.debug)

.line
 *(.line)

.debug_srcinfo
 *(.debug_srcinfo)

.debug_sfnames
 *(.debug_sfnames)

.debug_aranges  0x00000000      0x180
 *(.debug_aranges)
 .debug_aranges
                0x00000000       0x20 c:/winavr-20100110/bin/../lib/gcc/avr/4.3.3/avr51\libgcc.a(_fixunssfsi.o)
 .debug_aranges
                0x00000020       0x20 c:/winavr-20100110/bin/../lib/gcc/avr/4.3.3/avr51\libgcc.a(_addsub_sf.o)
 .debug_aranges
                0x00000040       0x20 c:/winavr-20100110/bin/../lib/gcc/avr/4.3.3/avr51\libgcc.a(_mul_sf.o)
 .debug_aranges
                0x00000060       0x20 c:/winavr-20100110/bin/../lib/gcc/avr/4.3.3/avr51\libgcc.a(_gt_sf.o)
 .debug_aranges
                0x00000080       0x20 c:/winavr-20100110/bin/../lib/gcc/avr/4.3.3/avr51\libgcc.a(_ge_sf.o)
 .debug_aranges
                0x000000a0       0x20 c:/winavr-20100110/bin/../lib/gcc/avr/4.3.3/avr51\libgcc.a(_lt_sf.o)
 .debug_aranges
                0x000000c0       0x20 c:/winavr-20100110/bin/../lib/gcc/avr/4.3.3/avr51\libgcc.a(_sf_to_si.o)
 .debug_aranges
                0x000000e0       0x20 c:/winavr-20100110/bin/../lib/gcc/avr/4.3.3/avr51\libgcc.a(_usi_to_sf.o)
 .debug_aranges
                0x00000100       0x20 c:/winavr-20100110/bin/../lib/gcc/avr/4.3.3/avr51\libgcc.a(_clzsi2.o)
 .debug_aranges
                0x00000120       0x20 c:/winavr-20100110/bin/../lib/gcc/avr/4.3.3/avr51\libgcc.a(_pack_sf.o)
 .debug_aranges
                0x00000140       0x20 c:/winavr-20100110/bin/../lib/gcc/avr/4.3.3/avr51\libgcc.a(_unpack_sf.o)
 .debug_aranges
                0x00000160       0x20 c:/winavr-20100110/bin/../lib/gcc/avr/4.3.3/avr51\libgcc.a(_fpcmp_parts_sf.o)

.debug_pubnames
                0x00000000      0x1d3
 *(.debug_pubnames)
 .debug_pubnames
                0x00000000       0x23 c:/winavr-20100110/bin/../lib/gcc/avr/4.3.3/avr51\libgcc.a(_fixunssfsi.o)
 .debug_pubnames
                0x00000023       0x2c c:/winavr-20100110/bin/../lib/gcc/avr/4.3.3/avr51\libgcc.a(_addsub_sf.o)
 .debug_pubnames
                0x0000004f       0x1f c:/winavr-20100110/bin/../lib/gcc/avr/4.3.3/avr51\libgcc.a(_mul_sf.o)
 .debug_pubnames
                0x0000006e       0x1e c:/winavr-20100110/bin/../lib/gcc/avr/4.3.3/avr51\libgcc.a(_gt_sf.o)
 .debug_pubnames
                0x0000008c       0x1e c:/winavr-20100110/bin/../lib/gcc/avr/4.3.3/avr51\libgcc.a(_ge_sf.o)
 .debug_pubnames
                0x000000aa       0x1e c:/winavr-20100110/bin/../lib/gcc/avr/4.3.3/avr51\libgcc.a(_lt_sf.o)
 .debug_pubnames
                0x000000c8       0x20 c:/winavr-20100110/bin/../lib/gcc/avr/4.3.3/avr51\libgcc.a(_sf_to_si.o)
 .debug_pubnames
                0x000000e8       0x22 c:/winavr-20100110/bin/../lib/gcc/avr/4.3.3/avr51\libgcc.a(_thenan_sf.o)
 .debug_pubnames
                0x0000010a       0x24 c:/winavr-20100110/bin/../lib/gcc/avr/4.3.3/avr51\libgcc.a(_usi_to_sf.o)
 .debug_pubnames
                0x0000012e       0x1f c:/winavr-20100110/bin/../lib/gcc/avr/4.3.3/avr51\libgcc.a(_clzsi2.o)
 .debug_pubnames
                0x0000014d       0x1f c:/winavr-20100110/bin/../lib/gcc/avr/4.3.3/avr51\libgcc.a(_pack_sf.o)
 .debug_pubnames
                0x0000016c       0x21 c:/winavr-20100110/bin/../lib/gcc/avr/4.3.3/avr51\libgcc.a(_unpack_sf.o)
 .debug_pubnames
                0x0000018d       0x26 c:/winavr-20100110/bin/../lib/gcc/avr/4.3.3/avr51\libgcc.a(_fpcmp_parts_sf.o)
 .debug_pubnames
                0x000001b3       0x20 c:/winavr-20100110/bin/../lib/gcc/avr/4.3.3/avr51\libgcc.a(_clz.o)

.debug_info     0x00000000     0x200f
 *(.debug_info)
 .debug_info    0x00000000       0xb1 c:/winavr-20100110/bin/../lib/gcc/avr/4.3.3/avr51\libgcc.a(_fixunssfsi.o)
 .debug_info    0x000000b1      0x47a c:/winavr-20100110/bin/../lib/gcc/avr/4.3.3/avr51\libgcc.a(_addsub_sf.o)
 .debug_info    0x0000052b      0x485 c:/winavr-20100110/bin/../lib/gcc/avr/4.3.3/avr51\libgcc.a(_mul_sf.o)
 .debug_info    0x000009b0      0x27f c:/winavr-20100110/bin/../lib/gcc/avr/4.3.3/avr51\libgcc.a(_gt_sf.o)
 .debug_info    0x00000c2f      0x27f c:/winavr-20100110/bin/../lib/gcc/avr/4.3.3/avr51\libgcc.a(_ge_sf.o)
 .debug_info    0x00000eae      0x27f c:/winavr-20100110/bin/../lib/gcc/avr/4.3.3/avr51\libgcc.a(_lt_sf.o)
 .debug_info    0x0000112d      0x2b0 c:/winavr-20100110/bin/../lib/gcc/avr/4.3.3/avr51\libgcc.a(_sf_to_si.o)
 .debug_info    0x000013dd      0x12c c:/winavr-20100110/bin/../lib/gcc/avr/4.3.3/avr51\libgcc.a(_thenan_sf.o)
 .debug_info    0x00001509      0x206 c:/winavr-20100110/bin/../lib/gcc/avr/4.3.3/avr51\libgcc.a(_usi_to_sf.o)
 .debug_info    0x0000170f      0x117 c:/winavr-20100110/bin/../lib/gcc/avr/4.3.3/avr51\libgcc.a(_clzsi2.o)
 .debug_info    0x00001826      0x2df c:/winavr-20100110/bin/../lib/gcc/avr/4.3.3/avr51\libgcc.a(_pack_sf.o)
 .debug_info    0x00001b05      0x251 c:/winavr-20100110/bin/../lib/gcc/avr/4.3.3/avr51\libgcc.a(_unpack_sf.o)
 .debug_info    0x00001d56      0x210 c:/winavr-20100110/bin/../lib/gcc/avr/4.3.3/avr51\libgcc.a(_fpcmp_parts_sf.o)
 .debug_info    0x00001f66       0xa9 c:/winavr-20100110/bin/../lib/gcc/avr/4.3.3/avr51\libgcc.a(_clz.o)
 *(.gnu.linkonce.wi.*)

.debug_abbrev   0x00000000     0x1170
 *(.debug_abbrev)
 .debug_abbrev  0x00000000       0x5d c:/winavr-20100110/bin/../lib/gcc/avr/4.3.3/avr51\libgcc.a(_fixunssfsi.o)
 .debug_abbrev  0x0000005d      0x1ea c:/winavr-20100110/bin/../lib/gcc/avr/4.3.3/avr51\libgcc.a(_addsub_sf.o)
 .debug_abbrev  0x00000247      0x21b c:/winavr-20100110/bin/../lib/gcc/avr/4.3.3/avr51\libgcc.a(_mul_sf.o)
 .debug_abbrev  0x00000462      0x15a c:/winavr-20100110/bin/../lib/gcc/avr/4.3.3/avr51\libgcc.a(_gt_sf.o)
 .debug_abbrev  0x000005bc      0x15a c:/winavr-20100110/bin/../lib/gcc/avr/4.3.3/avr51\libgcc.a(_ge_sf.o)
 .debug_abbrev  0x00000716      0x15a c:/winavr-20100110/bin/../lib/gcc/avr/4.3.3/avr51\libgcc.a(_lt_sf.o)
 .debug_abbrev  0x00000870      0x17f c:/winavr-20100110/bin/../lib/gcc/avr/4.3.3/avr51\libgcc.a(_sf_to_si.o)
 .debug_abbrev  0x000009ef       0xad c:/winavr-20100110/bin/../lib/gcc/avr/4.3.3/avr51\libgcc.a(_thenan_sf.o)
 .debug_abbrev  0x00000a9c      0x157 c:/winavr-20100110/bin/../lib/gcc/avr/4.3.3/avr51\libgcc.a(_usi_to_sf.o)
 .debug_abbrev  0x00000bf3       0xc4 c:/winavr-20100110/bin/../lib/gcc/avr/4.3.3/avr51\libgcc.a(_clzsi2.o)
 .debug_abbrev  0x00000cb7      0x1c0 c:/winavr-20100110/bin/../lib/gcc/avr/4.3.3/avr51\libgcc.a(_pack_sf.o)
 .debug_abbrev  0x00000e77      0x154 c:/winavr-20100110/bin/../lib/gcc/avr/4.3.3/avr51\libgcc.a(_unpack_sf.o)
 .debug_abbrev  0x00000fcb      0x13b c:/winavr-20100110/bin/../lib/gcc/avr/4.3.3/avr51\libgcc.a(_fpcmp_parts_sf.o)
 .debug_abbrev  0x00001106       0x6a c:/winavr-20100110/bin/../lib/gcc/avr/4.3.3/avr51\libgcc.a(_clz.o)

.debug_line     0x00000000     0x1001
 *(.debug_line)
 .debug_line    0x00000000       0xa7 c:/winavr-20100110/bin/../lib/gcc/avr/4.3.3/avr51\libgcc.a(_fixunssfsi.o)
 .debug_line    0x000000a7      0x2af c:/winavr-20100110/bin/../lib/gcc/avr/4.3.3/avr51\libgcc.a(_addsub_sf.o)
 .debug_line    0x00000356      0x239 c:/winavr-20100110/bin/../lib/gcc/avr/4.3.3/avr51\libgcc.a(_mul_sf.o)
 .debug_line    0x0000058f       0xd3 c:/winavr-20100110/bin/../lib/gcc/avr/4.3.3/avr51\libgcc.a(_gt_sf.o)
 .debug_line    0x00000662       0xd3 c:/winavr-20100110/bin/../lib/gcc/avr/4.3.3/avr51\libgcc.a(_ge_sf.o)
 .debug_line    0x00000735       0xd3 c:/winavr-20100110/bin/../lib/gcc/avr/4.3.3/avr51\libgcc.a(_lt_sf.o)
 .debug_line    0x00000808      0x109 c:/winavr-20100110/bin/../lib/gcc/avr/4.3.3/avr51\libgcc.a(_sf_to_si.o)
 .debug_line    0x00000911       0x90 c:/winavr-20100110/bin/../lib/gcc/avr/4.3.3/avr51\libgcc.a(_thenan_sf.o)
 .debug_line    0x000009a1      0x133 c:/winavr-20100110/bin/../lib/gcc/avr/4.3.3/avr51\libgcc.a(_usi_to_sf.o)
 .debug_line    0x00000ad4       0xa5 c:/winavr-20100110/bin/../lib/gcc/avr/4.3.3/avr51\libgcc.a(_clzsi2.o)
 .debug_line    0x00000b79      0x18a c:/winavr-20100110/bin/../lib/gcc/avr/4.3.3/avr51\libgcc.a(_pack_sf.o)
 .debug_line    0x00000d03      0x14b c:/winavr-20100110/bin/../lib/gcc/avr/4.3.3/avr51\libgcc.a(_unpack_sf.o)
 .debug_line    0x00000e4e      0x137 c:/winavr-20100110/bin/../lib/gcc/avr/4.3.3/avr51\libgcc.a(_fpcmp_parts_sf.o)
 .debug_line    0x00000f85       0x7c c:/winavr-20100110/bin/../lib/gcc/avr/4.3.3/avr51\libgcc.a(_clz.o)

.debug_frame    0x00000000      0x1a0
 *(.debug_frame)
 .debug_frame   0x00000000       0x20 c:/winavr-20100110/bin/../lib/gcc/avr/4.3.3/avr51\libgcc.a(_fixunssfsi.o)
 .debug_frame   0x00000020       0x40 c:/winavr-20100110/bin/../lib/gcc/avr/4.3.3/avr51\libgcc.a(_addsub_sf.o)
 .debug_frame   0x00000060       0x20 c:/winavr-20100110/bin/../lib/gcc/avr/4.3.3/avr51\libgcc.a(_mul_sf.o)
 .debug_frame   0x00000080       0x20 c:/winavr-20100110/bin/../lib/gcc/avr/4.3.3/avr51\libgcc.a(_gt_sf.o)
 .debug_frame   0x000000a0       0x20 c:/winavr-20100110/bin/../lib/gcc/avr/4.3.3/avr51\libgcc.a(_ge_sf.o)
 .debug_frame   0x000000c0       0x20 c:/winavr-20100110/bin/../lib/gcc/avr/4.3.3/avr51\libgcc.a(_lt_sf.o)
 .debug_frame   0x000000e0       0x20 c:/winavr-20100110/bin/../lib/gcc/avr/4.3.3/avr51\libgcc.a(_sf_to_si.o)
 .debug_frame   0x00000100       0x20 c:/winavr-20100110/bin/../lib/gcc/avr/4.3.3/avr51\libgcc.a(_usi_to_sf.o)
 .debug_frame   0x00000120       0x20 c:/winavr-20100110/bin/../lib/gcc/avr/4.3.3/avr51\libgcc.a(_clzsi2.o)
 .debug_frame   0x00000140       0x20 c:/winavr-20100110/bin/../lib/gcc/avr/4.3.3/avr51\libgcc.a(_pack_sf.o)
 .debug_frame   0x00000160       0x20 c:/winavr-20100110/bin/../lib/gcc/avr/4.3.3/avr51\libgcc.a(_unpack_sf.o)
 .debug_frame   0x00000180       0x20 c:/winavr-20100110/bin/../lib/gcc/avr/4.3.3/avr51\libgcc.a(_fpcmp_parts_sf.o)

.debug_str      0x00000000      0x2c2
 *(.debug_str)
 .debug_str     0x00000000       0xc0 c:/winavr-20100110/bin/../lib/gcc/avr/4.3.3/avr51\libgcc.a(_fixunssfsi.o)
                                 0xff (size before relaxing)
 .debug_str     0x000000c0      0x14d c:/winavr-20100110/bin/../lib/gcc/avr/4.3.3/avr51\libgcc.a(_addsub_sf.o)
                                0x207 (size before relaxing)
 .debug_str     0x0000020d       0x27 c:/winavr-20100110/bin/../lib/gcc/avr/4.3.3/avr51\libgcc.a(_mul_sf.o)
                                0x1c0 (size before relaxing)
 .debug_str     0x00000234        0x8 c:/winavr-20100110/bin/../lib/gcc/avr/4.3.3/avr51\libgcc.a(_gt_sf.o)
                                0x196 (size before relaxing)
 .debug_str     0x0000023c        0x8 c:/winavr-20100110/bin/../lib/gcc/avr/4.3.3/avr51\libgcc.a(_ge_sf.o)
                                0x196 (size before relaxing)
 .debug_str     0x00000244        0x8 c:/winavr-20100110/bin/../lib/gcc/avr/4.3.3/avr51\libgcc.a(_lt_sf.o)
                                0x196 (size before relaxing)
 .debug_str     0x0000024c        0xa c:/winavr-20100110/bin/../lib/gcc/avr/4.3.3/avr51\libgcc.a(_sf_to_si.o)
                                0x19f (size before relaxing)
 .debug_str     0x00000000      0x104 c:/winavr-20100110/bin/../lib/gcc/avr/4.3.3/avr51\libgcc.a(_thenan_sf.o)
 .debug_str     0x00000256       0x21 c:/winavr-20100110/bin/../lib/gcc/avr/4.3.3/avr51\libgcc.a(_usi_to_sf.o)
                                0x178 (size before relaxing)
 .debug_str     0x00000277       0x20 c:/winavr-20100110/bin/../lib/gcc/avr/4.3.3/avr51\libgcc.a(_clzsi2.o)
                                0x112 (size before relaxing)
 .debug_str     0x00000297       0x10 c:/winavr-20100110/bin/../lib/gcc/avr/4.3.3/avr51\libgcc.a(_pack_sf.o)
                                0x19e (size before relaxing)
 .debug_str     0x000002a7        0xb c:/winavr-20100110/bin/../lib/gcc/avr/4.3.3/avr51\libgcc.a(_unpack_sf.o)
                                0x180 (size before relaxing)
 .debug_str     0x000002b2       0x10 c:/winavr-20100110/bin/../lib/gcc/avr/4.3.3/avr51\libgcc.a(_fpcmp_parts_sf.o)
                                0x164 (size before relaxing)
 .debug_str     0x00000000       0xf5 c:/winavr-20100110/bin/../lib/gcc/avr/4.3.3/avr51\libgcc.a(_clz.o)

.debug_loc      0x00000000      0x8ae
 *(.debug_loc)
 .debug_loc     0x00000000       0x34 c:/winavr-20100110/bin/../lib/gcc/avr/4.3.3/avr51\libgcc.a(_fixunssfsi.o)
 .debug_loc     0x00000034      0x32a c:/winavr-20100110/bin/../lib/gcc/avr/4.3.3/avr51\libgcc.a(_addsub_sf.o)
 .debug_loc     0x0000035e      0x104 c:/winavr-20100110/bin/../lib/gcc/avr/4.3.3/avr51\libgcc.a(_mul_sf.o)
 .debug_loc     0x00000462       0x3c c:/winavr-20100110/bin/../lib/gcc/avr/4.3.3/avr51\libgcc.a(_gt_sf.o)
 .debug_loc     0x0000049e       0x3c c:/winavr-20100110/bin/../lib/gcc/avr/4.3.3/avr51\libgcc.a(_ge_sf.o)
 .debug_loc     0x000004da       0x3c c:/winavr-20100110/bin/../lib/gcc/avr/4.3.3/avr51\libgcc.a(_lt_sf.o)
 .debug_loc     0x00000516       0x7e c:/winavr-20100110/bin/../lib/gcc/avr/4.3.3/avr51\libgcc.a(_sf_to_si.o)
 .debug_loc     0x00000594       0x4c c:/winavr-20100110/bin/../lib/gcc/avr/4.3.3/avr51\libgcc.a(_usi_to_sf.o)
 .debug_loc     0x000005e0       0x94 c:/winavr-20100110/bin/../lib/gcc/avr/4.3.3/avr51\libgcc.a(_clzsi2.o)
 .debug_loc     0x00000674      0x13e c:/winavr-20100110/bin/../lib/gcc/avr/4.3.3/avr51\libgcc.a(_pack_sf.o)
 .debug_loc     0x000007b2       0xac c:/winavr-20100110/bin/../lib/gcc/avr/4.3.3/avr51\libgcc.a(_unpack_sf.o)
 .debug_loc     0x0000085e       0x50 c:/winavr-20100110/bin/../lib/gcc/avr/4.3.3/avr51\libgcc.a(_fpcmp_parts_sf.o)

.debug_macinfo
 *(.debug_macinfo)
OUTPUT(uas1.elf elf32-avr)
LOAD linker stubs

.debug_ranges   0x00000000       0x50
 .debug_ranges  0x00000000       0x50 c:/winavr-20100110/bin/../lib/gcc/avr/4.3.3/avr51\libgcc.a(_mul_sf.o)

Cross Reference Table

Symbol                                            File
C1                                                uas1.o
C2                                                uas1.o
C3                                                uas1.o
CallHandler                                       C:/ethernut-5.1/nutbld/lib\libnutdev.a(ihndlr.o)
                                                  C:/ethernut-5.1/nutbld/lib\libnutarch.a(ih_usart0_udre.o)
                                                  C:/ethernut-5.1/nutbld/lib\libnutarch.a(ih_usart0_rx.o)
                                                  C:/ethernut-5.1/nutbld/lib\libnutarch.a(ih_timer0_comp.o)
GetThreadByName                                   C:/ethernut-5.1/nutbld/lib\libnutos.a(thread.o)
HUMI_cksum                                        uas1.o
HUMI_val                                          uas1.o
InitUART0                                         uas1.o
NutAppMain                                        uas1.o
                                                  C:/ethernut-5.1/nutbld/lib/nutinit.o
NutArchClockGet                                   C:/ethernut-5.1/nutbld/lib\libnutarch.a(ostimer.o)
                                                  C:/ethernut-5.1/nutbld/lib\libnutos.a(timer.o)
NutBoardInit                                      C:/ethernut-5.1/nutbld/lib\libnutarch.a(ethernut1.o)
                                                  C:/ethernut-5.1/nutbld/lib/nutinit.o
NutClockSet                                       C:/ethernut-5.1/nutbld/lib\libnutos.a(timer.o)
NutDelay                                          C:/ethernut-5.1/nutbld/lib\libnutos.a(timer.o)
                                                  C:/ethernut-5.1/nutbld/lib\libnutarch.a(usart0avr.o)
NutDeviceLookup                                   C:/ethernut-5.1/nutbld/lib\libnutos.a(devreg.o)
                                                  C:/ethernut-5.1/nutbld/lib\libnutcrt.a(open.o)
NutDeviceLookupType                               C:/ethernut-5.1/nutbld/lib\libnutos.a(devreg.o)
NutEventBroadcast                                 C:/ethernut-5.1/nutbld/lib\libnutos.a(event.o)
                                                  C:/ethernut-5.1/nutbld/lib\libnutdev.a(usart.o)
NutEventBroadcastAsync                            C:/ethernut-5.1/nutbld/lib\libnutos.a(event.o)
NutEventPost                                      C:/ethernut-5.1/nutbld/lib\libnutos.a(event.o)
NutEventPostAsync                                 C:/ethernut-5.1/nutbld/lib\libnutos.a(event.o)
                                                  C:/ethernut-5.1/nutbld/lib\libnutos.a(thread.o)
NutEventTimeout                                   C:/ethernut-5.1/nutbld/lib\libnutos.a(event.o)
NutEventWait                                      C:/ethernut-5.1/nutbld/lib\libnutos.a(event.o)
                                                  C:/ethernut-5.1/nutbld/lib\libnutdev.a(usart.o)
NutEventWaitNext                                  C:/ethernut-5.1/nutbld/lib\libnutos.a(event.o)
                                                  C:/ethernut-5.1/nutbld/lib\libnutdev.a(usart.o)
NutGetCpuClock                                    C:/ethernut-5.1/nutbld/lib\libnutos.a(timer.o)
                                                  C:/ethernut-5.1/nutbld/lib\libnutarch.a(usart0avr.o)
NutGetMillis                                      C:/ethernut-5.1/nutbld/lib\libnutos.a(timer.o)
NutGetSeconds                                     C:/ethernut-5.1/nutbld/lib\libnutos.a(timer.o)
NutGetTickClock                                   C:/ethernut-5.1/nutbld/lib\libnutarch.a(ostimer.o)
                                                  C:/ethernut-5.1/nutbld/lib\libnutos.a(timer.o)
NutGetTickCount                                   C:/ethernut-5.1/nutbld/lib\libnutos.a(timer.o)
NutHeapCheck                                      C:/ethernut-5.1/nutbld/lib\libnutos.a(heap.o)
NutHeapDump                                       C:/ethernut-5.1/nutbld/lib\libnutos.a(heap.o)
NutHeapRootAdd                                    C:/ethernut-5.1/nutbld/lib\libnutos.a(heap.o)
                                                  C:/ethernut-5.1/nutbld/lib/nutinit.o
NutHeapRootAlloc                                  C:/ethernut-5.1/nutbld/lib\libnutos.a(heap.o)
                                                  C:/ethernut-5.1/nutbld/lib\libnutcrt.a(malloc.o)
                                                  C:/ethernut-5.1/nutbld/lib\libnutarch.a(context_gcc.o)
                                                  C:/ethernut-5.1/nutbld/lib\libnutos.a(timer.o)
NutHeapRootAllocClear                             C:/ethernut-5.1/nutbld/lib\libnutos.a(heap.o)
NutHeapRootAvailable                              C:/ethernut-5.1/nutbld/lib\libnutos.a(heap.o)
NutHeapRootFree                                   C:/ethernut-5.1/nutbld/lib\libnutos.a(heap.o)
                                                  C:/ethernut-5.1/nutbld/lib\libnutcrt.a(malloc.o)
                                                  C:/ethernut-5.1/nutbld/lib\libnutos.a(timer.o)
                                                  C:/ethernut-5.1/nutbld/lib\libnutos.a(thread.o)
NutHeapRootRealloc                                C:/ethernut-5.1/nutbld/lib\libnutos.a(heap.o)
NutHeapRootRegionAvailable                        C:/ethernut-5.1/nutbld/lib\libnutos.a(heap.o)
NutIdle                                           C:/ethernut-5.1/nutbld/lib/nutinit.o
NutInit                                           C:/ethernut-5.1/nutbld/lib/nutinit.o
NutIrqDisable                                     C:/ethernut-5.1/nutbld/lib\libnutdev.a(ihndlr.o)
NutIrqEnable                                      C:/ethernut-5.1/nutbld/lib\libnutdev.a(ihndlr.o)
NutIrqGetPriority                                 C:/ethernut-5.1/nutbld/lib\libnutdev.a(ihndlr.o)
NutIrqSetMode                                     C:/ethernut-5.1/nutbld/lib\libnutdev.a(ihndlr.o)
NutIrqSetPriority                                 C:/ethernut-5.1/nutbld/lib\libnutdev.a(ihndlr.o)
NutIrqStatus                                      C:/ethernut-5.1/nutbld/lib\libnutdev.a(ihndlr.o)
NutLoadConfig                                     C:/ethernut-5.1/nutbld/lib\libnutos.a(confos.o)
                                                  C:/ethernut-5.1/nutbld/lib/nutinit.o
NutMicroDelay                                     C:/ethernut-5.1/nutbld/lib\libnutos.a(timer.o)
                                                  uas1.o
NutNvMemLoad                                      C:/ethernut-5.1/nutbld/lib\libnutdev.a(nvmem.o)
                                                  C:/ethernut-5.1/nutbld/lib\libnutos.a(confos.o)
NutNvMemSave                                      C:/ethernut-5.1/nutbld/lib\libnutdev.a(nvmem.o)
                                                  C:/ethernut-5.1/nutbld/lib\libnutos.a(confos.o)
NutRegisterDevice                                 C:/ethernut-5.1/nutbld/lib\libnutos.a(devreg.o)
                                                  uas1.o
NutRegisterIrqHandler                             C:/ethernut-5.1/nutbld/lib\libnutdev.a(ihndlr.o)
                                                  C:/ethernut-5.1/nutbld/lib\libnutarch.a(usart0avr.o)
                                                  C:/ethernut-5.1/nutbld/lib\libnutarch.a(ostimer.o)
NutRegisterTimer                                  C:/ethernut-5.1/nutbld/lib\libnutarch.a(ostimer.o)
                                                  C:/ethernut-5.1/nutbld/lib\libnutos.a(timer.o)
NutSaveConfig                                     C:/ethernut-5.1/nutbld/lib\libnutos.a(confos.o)
NutSleep                                          C:/ethernut-5.1/nutbld/lib\libnutos.a(timer.o)
                                                  uas1.o
NutThreadAddPriQueue                              C:/ethernut-5.1/nutbld/lib\libnutos.a(thread.o)
                                                  C:/ethernut-5.1/nutbld/lib\libnutarch.a(context_gcc.o)
                                                  C:/ethernut-5.1/nutbld/lib\libnutos.a(event.o)
NutThreadCreate                                   C:/ethernut-5.1/nutbld/lib\libnutarch.a(context_gcc.o)
                                                  C:/ethernut-5.1/nutbld/lib/nutinit.o
                                                  uas1.o
NutThreadDestroy                                  C:/ethernut-5.1/nutbld/lib\libnutos.a(thread.o)
                                                  C:/ethernut-5.1/nutbld/lib/nutinit.o
NutThreadExit                                     C:/ethernut-5.1/nutbld/lib\libnutos.a(thread.o)
NutThreadKill                                     C:/ethernut-5.1/nutbld/lib\libnutos.a(thread.o)
NutThreadRemoveQueue                              C:/ethernut-5.1/nutbld/lib\libnutos.a(thread.o)
                                                  C:/ethernut-5.1/nutbld/lib\libnutos.a(event.o)
                                                  C:/ethernut-5.1/nutbld/lib\libnutos.a(timer.o)
NutThreadResume                                   C:/ethernut-5.1/nutbld/lib\libnutos.a(thread.o)
                                                  C:/ethernut-5.1/nutbld/lib\libnutos.a(event.o)
                                                  C:/ethernut-5.1/nutbld/lib\libnutos.a(timer.o)
NutThreadSetPriority                              C:/ethernut-5.1/nutbld/lib\libnutos.a(thread.o)
                                                  C:/ethernut-5.1/nutbld/lib/nutinit.o
NutThreadSetSleepMode                             C:/ethernut-5.1/nutbld/lib/nutinit.o
NutThreadStackAvailable                           C:/ethernut-5.1/nutbld/lib\libnutos.a(thread.o)
NutThreadSwitch                                   C:/ethernut-5.1/nutbld/lib\libnutarch.a(context_gcc.o)
                                                  C:/ethernut-5.1/nutbld/lib\libnutos.a(thread.o)
NutThreadWake                                     C:/ethernut-5.1/nutbld/lib\libnutos.a(thread.o)
                                                  C:/ethernut-5.1/nutbld/lib\libnutos.a(timer.o)
NutThreadYield                                    C:/ethernut-5.1/nutbld/lib\libnutos.a(thread.o)
                                                  C:/ethernut-5.1/nutbld/lib\libnutos.a(event.o)
                                                  C:/ethernut-5.1/nutbld/lib\libnutos.a(timer.o)
                                                  C:/ethernut-5.1/nutbld/lib/nutinit.o
NutTimerCreate                                    C:/ethernut-5.1/nutbld/lib\libnutos.a(timer.o)
NutTimerInit                                      C:/ethernut-5.1/nutbld/lib\libnutos.a(timer.o)
                                                  C:/ethernut-5.1/nutbld/lib/nutinit.o
NutTimerInsert                                    C:/ethernut-5.1/nutbld/lib\libnutos.a(timer.o)
NutTimerIntr                                      C:/ethernut-5.1/nutbld/lib\libnutos.a(timer.o)
NutTimerMillisToTicks                             C:/ethernut-5.1/nutbld/lib\libnutarch.a(ostimer.o)
                                                  C:/ethernut-5.1/nutbld/lib\libnutos.a(timer.o)
NutTimerProcessElapsed                            C:/ethernut-5.1/nutbld/lib\libnutos.a(timer.o)
                                                  C:/ethernut-5.1/nutbld/lib\libnutos.a(thread.o)
NutTimerStart                                     C:/ethernut-5.1/nutbld/lib\libnutos.a(timer.o)
                                                  C:/ethernut-5.1/nutbld/lib\libnutos.a(event.o)
NutTimerStartTicks                                C:/ethernut-5.1/nutbld/lib\libnutos.a(timer.o)
NutTimerStop                                      C:/ethernut-5.1/nutbld/lib\libnutos.a(timer.o)
                                                  C:/ethernut-5.1/nutbld/lib\libnutos.a(event.o)
OnChipNvMemLoad                                   C:/ethernut-5.1/nutbld/lib\libnutarch.a(eeprom.o)
                                                  C:/ethernut-5.1/nutbld/lib\libnutdev.a(nvmem.o)
OnChipNvMemSave                                   C:/ethernut-5.1/nutbld/lib\libnutarch.a(eeprom.o)
                                                  C:/ethernut-5.1/nutbld/lib\libnutdev.a(nvmem.o)
SHT11_ByteRD                                      uas1.o
SHT11_ByteWR                                      uas1.o
SHT11_HUMI                                        uas1.o
SHT11_Reset                                       uas1.o
SHT11_Start                                       uas1.o
SHT11_TEMP                                        uas1.o
T1                                                uas1.o
T2                                                uas1.o
TEMP_cksum                                        uas1.o
TEMP_val                                          uas1.o
Thread1                                           uas1.o
Thread2                                           uas1.o
Thread3                                           uas1.o
Thread4                                           uas1.o
UsartClose                                        C:/ethernut-5.1/nutbld/lib\libnutdev.a(usart.o)
                                                  C:/ethernut-5.1/nutbld/lib\libnutarch.a(usart0avr.o)
UsartIOCtl                                        C:/ethernut-5.1/nutbld/lib\libnutdev.a(usart.o)
                                                  C:/ethernut-5.1/nutbld/lib\libnutarch.a(usart0avr.o)
UsartInit                                         C:/ethernut-5.1/nutbld/lib\libnutdev.a(usart.o)
                                                  C:/ethernut-5.1/nutbld/lib\libnutarch.a(usart0avr.o)
UsartOpen                                         C:/ethernut-5.1/nutbld/lib\libnutdev.a(usart.o)
                                                  C:/ethernut-5.1/nutbld/lib\libnutarch.a(usart0avr.o)
UsartRead                                         C:/ethernut-5.1/nutbld/lib\libnutdev.a(usart.o)
                                                  C:/ethernut-5.1/nutbld/lib\libnutarch.a(usart0avr.o)
UsartSize                                         C:/ethernut-5.1/nutbld/lib\libnutdev.a(usart.o)
                                                  C:/ethernut-5.1/nutbld/lib\libnutarch.a(usart0avr.o)
UsartWrite                                        C:/ethernut-5.1/nutbld/lib\libnutdev.a(usart.o)
                                                  C:/ethernut-5.1/nutbld/lib\libnutarch.a(usart0avr.o)
UsartWrite_P                                      C:/ethernut-5.1/nutbld/lib\libnutdev.a(usart.o)
                                                  C:/ethernut-5.1/nutbld/lib\libnutarch.a(usart0avr.o)
__addsf3                                          c:/winavr-20100110/bin/../lib/gcc/avr/4.3.3/avr51\libgcc.a(_addsub_sf.o)
                                                  uas1.o
__bad_interrupt                                   c:/winavr-20100110/bin/../lib/gcc/avr/4.3.3/../../../../avr/lib/avr51/crtm128.o
__bss_end                                         c:/winavr-20100110/bin/../lib/gcc/avr/4.3.3/avr51\libgcc.a(_clear_bss.o)
__bss_start                                       c:/winavr-20100110/bin/../lib/gcc/avr/4.3.3/avr51\libgcc.a(_clear_bss.o)
__clz_tab                                         c:/winavr-20100110/bin/../lib/gcc/avr/4.3.3/avr51\libgcc.a(_clz.o)
                                                  c:/winavr-20100110/bin/../lib/gcc/avr/4.3.3/avr51\libgcc.a(_clzsi2.o)
__clzsi2                                          c:/winavr-20100110/bin/../lib/gcc/avr/4.3.3/avr51\libgcc.a(_clzsi2.o)
                                                  c:/winavr-20100110/bin/../lib/gcc/avr/4.3.3/avr51\libgcc.a(_usi_to_sf.o)
__ctype_isfalse                                   c:/winavr-20100110/bin/../lib/gcc/avr/4.3.3/../../../../avr/lib/avr51\libc.a(cty_isfalse.o)
                                                  c:/winavr-20100110/bin/../lib/gcc/avr/4.3.3/../../../../avr/lib/avr51\libc.a(isspace.o)
__ctype_istrue                                    c:/winavr-20100110/bin/../lib/gcc/avr/4.3.3/../../../../avr/lib/avr51\libc.a(cty_isfalse.o)
__data_end                                        c:/winavr-20100110/bin/../lib/gcc/avr/4.3.3/../../../../avr/lib/avr51/crtm128.o
__data_load_start                                 c:/winavr-20100110/bin/../lib/gcc/avr/4.3.3/../../../../avr/lib/avr51/crtm128.o
__data_start                                      c:/winavr-20100110/bin/../lib/gcc/avr/4.3.3/../../../../avr/lib/avr51/crtm128.o
__do_clear_bss                                    c:/winavr-20100110/bin/../lib/gcc/avr/4.3.3/avr51\libgcc.a(_clear_bss.o)
                                                  c:/winavr-20100110/bin/../lib/gcc/avr/4.3.3/../../../../avr/lib/avr51\libc.a(strtok.o)
                                                  C:/ethernut-5.1/nutbld/lib\libnutcrt.a(errno.o)
                                                  C:/ethernut-5.1/nutbld/lib\libnutarch.a(usart0avr.o)
                                                  C:/ethernut-5.1/nutbld/lib\libnutarch.a(ostimer.o)
                                                  C:/ethernut-5.1/nutbld/lib\libnutos.a(confos.o)
                                                  C:/ethernut-5.1/nutbld/lib\libnutos.a(devreg.o)
                                                  C:/ethernut-5.1/nutbld/lib\libnutos.a(timer.o)
                                                  C:/ethernut-5.1/nutbld/lib\libnutos.a(thread.o)
                                                  C:/ethernut-5.1/nutbld/lib\libnutos.a(heap.o)
                                                  C:/ethernut-5.1/nutbld/lib/nutinit.o
                                                  uas1.o
__do_copy_data                                    c:/winavr-20100110/bin/../lib/gcc/avr/4.3.3/../../../../avr/lib/avr51/crtm128.o
                                                  c:/winavr-20100110/bin/../lib/gcc/avr/4.3.3/avr51\libgcc.a(_clz.o)
                                                  c:/winavr-20100110/bin/../lib/gcc/avr/4.3.3/avr51\libgcc.a(_thenan_sf.o)
                                                  C:/ethernut-5.1/nutbld/lib\libnutcrt.a(putf.o)
                                                  C:/ethernut-5.1/nutbld/lib\libnutcrt.a(fopen.o)
                                                  C:/ethernut-5.1/nutbld/lib\libnutdev.a(usart.o)
                                                  C:/ethernut-5.1/nutbld/lib\libnutarch.a(ih_usart0_udre.o)
                                                  C:/ethernut-5.1/nutbld/lib\libnutarch.a(ih_usart0_rx.o)
                                                  C:/ethernut-5.1/nutbld/lib\libnutarch.a(usart0avr.o)
                                                  C:/ethernut-5.1/nutbld/lib\libnutarch.a(ih_timer0_comp.o)
                                                  C:/ethernut-5.1/nutbld/lib\libnutos.a(confos.o)
                                                  C:/ethernut-5.1/nutbld/lib\libnutos.a(heap.o)
                                                  C:/ethernut-5.1/nutbld/lib/nutinit.o
                                                  uas1.o
__eerd_block_m128                                 c:/winavr-20100110/bin/../lib/gcc/avr/4.3.3/../../../../avr/lib/avr51\libc.a(eerd_block_atmega128.o)
                                                  C:/ethernut-5.1/nutbld/lib\libnutarch.a(eeprom.o)
__eerd_blraw_m128                                 c:/winavr-20100110/bin/../lib/gcc/avr/4.3.3/../../../../avr/lib/avr51\libc.a(eerd_block_atmega128.o)
__eerd_byte_m128                                  c:/winavr-20100110/bin/../lib/gcc/avr/4.3.3/../../../../avr/lib/avr51\libc.a(eerd_byte_atmega128.o)
                                                  C:/ethernut-5.1/nutbld/lib\libnutarch.a(eeprom.o)
__eewr_byte_m128                                  c:/winavr-20100110/bin/../lib/gcc/avr/4.3.3/../../../../avr/lib/avr51\libc.a(eewr_byte_atmega128.o)
                                                  C:/ethernut-5.1/nutbld/lib\libnutarch.a(eeprom.o)
__eewr_r18_m128                                   c:/winavr-20100110/bin/../lib/gcc/avr/4.3.3/../../../../avr/lib/avr51\libc.a(eewr_byte_atmega128.o)
__epilogue_restores__                             c:/winavr-20100110/bin/../lib/gcc/avr/4.3.3/avr51\libgcc.a(_epilogue.o)
                                                  c:/winavr-20100110/bin/../lib/gcc/avr/4.3.3/avr51\libgcc.a(_usi_to_sf.o)
                                                  c:/winavr-20100110/bin/../lib/gcc/avr/4.3.3/avr51\libgcc.a(_sf_to_si.o)
                                                  c:/winavr-20100110/bin/../lib/gcc/avr/4.3.3/avr51\libgcc.a(_lt_sf.o)
                                                  c:/winavr-20100110/bin/../lib/gcc/avr/4.3.3/avr51\libgcc.a(_ge_sf.o)
                                                  c:/winavr-20100110/bin/../lib/gcc/avr/4.3.3/avr51\libgcc.a(_gt_sf.o)
                                                  c:/winavr-20100110/bin/../lib/gcc/avr/4.3.3/avr51\libgcc.a(_mul_sf.o)
                                                  c:/winavr-20100110/bin/../lib/gcc/avr/4.3.3/avr51\libgcc.a(_addsub_sf.o)
__fixsfsi                                         c:/winavr-20100110/bin/../lib/gcc/avr/4.3.3/avr51\libgcc.a(_sf_to_si.o)
                                                  c:/winavr-20100110/bin/../lib/gcc/avr/4.3.3/avr51\libgcc.a(_fixunssfsi.o)
__fixunssfsi                                      c:/winavr-20100110/bin/../lib/gcc/avr/4.3.3/avr51\libgcc.a(_fixunssfsi.o)
                                                  uas1.o
__floatunsisf                                     c:/winavr-20100110/bin/../lib/gcc/avr/4.3.3/avr51\libgcc.a(_usi_to_sf.o)
                                                  uas1.o
__fpcmp_parts_f                                   c:/winavr-20100110/bin/../lib/gcc/avr/4.3.3/avr51\libgcc.a(_fpcmp_parts_sf.o)
                                                  c:/winavr-20100110/bin/../lib/gcc/avr/4.3.3/avr51\libgcc.a(_lt_sf.o)
                                                  c:/winavr-20100110/bin/../lib/gcc/avr/4.3.3/avr51\libgcc.a(_ge_sf.o)
                                                  c:/winavr-20100110/bin/../lib/gcc/avr/4.3.3/avr51\libgcc.a(_gt_sf.o)
__gesf2                                           c:/winavr-20100110/bin/../lib/gcc/avr/4.3.3/avr51\libgcc.a(_ge_sf.o)
                                                  c:/winavr-20100110/bin/../lib/gcc/avr/4.3.3/avr51\libgcc.a(_fixunssfsi.o)
__gtsf2                                           c:/winavr-20100110/bin/../lib/gcc/avr/4.3.3/avr51\libgcc.a(_gt_sf.o)
                                                  uas1.o
__heap_end                                        c:/winavr-20100110/bin/../lib/gcc/avr/4.3.3/../../../../avr/lib/avr51/crtm128.o
__heap_start                                      C:/ethernut-5.1/nutbld/lib/nutinit.o
__init                                            c:/winavr-20100110/bin/../lib/gcc/avr/4.3.3/../../../../avr/lib/avr51/crtm128.o
__iob                                             C:/ethernut-5.1/nutbld/lib\libnutcrt.a(fopen.o)
__ltsf2                                           c:/winavr-20100110/bin/../lib/gcc/avr/4.3.3/avr51\libgcc.a(_lt_sf.o)
                                                  uas1.o
__mulsf3                                          c:/winavr-20100110/bin/../lib/gcc/avr/4.3.3/avr51\libgcc.a(_mul_sf.o)
                                                  uas1.o
__mulsi3                                          c:/winavr-20100110/bin/../lib/gcc/avr/4.3.3/avr51\libgcc.a(_mulsi3.o)
                                                  c:/winavr-20100110/bin/../lib/gcc/avr/4.3.3/../../../../avr/lib/avr51\libc.a(strtol.o)
                                                  C:/ethernut-5.1/nutbld/lib\libnutarch.a(usart0avr.o)
                                                  C:/ethernut-5.1/nutbld/lib\libnutos.a(timer.o)
__pack_f                                          c:/winavr-20100110/bin/../lib/gcc/avr/4.3.3/avr51\libgcc.a(_pack_sf.o)
                                                  c:/winavr-20100110/bin/../lib/gcc/avr/4.3.3/avr51\libgcc.a(_usi_to_sf.o)
                                                  c:/winavr-20100110/bin/../lib/gcc/avr/4.3.3/avr51\libgcc.a(_mul_sf.o)
                                                  c:/winavr-20100110/bin/../lib/gcc/avr/4.3.3/avr51\libgcc.a(_addsub_sf.o)
__prologue_saves__                                c:/winavr-20100110/bin/../lib/gcc/avr/4.3.3/avr51\libgcc.a(_prologue.o)
                                                  c:/winavr-20100110/bin/../lib/gcc/avr/4.3.3/avr51\libgcc.a(_usi_to_sf.o)
                                                  c:/winavr-20100110/bin/../lib/gcc/avr/4.3.3/avr51\libgcc.a(_sf_to_si.o)
                                                  c:/winavr-20100110/bin/../lib/gcc/avr/4.3.3/avr51\libgcc.a(_lt_sf.o)
                                                  c:/winavr-20100110/bin/../lib/gcc/avr/4.3.3/avr51\libgcc.a(_ge_sf.o)
                                                  c:/winavr-20100110/bin/../lib/gcc/avr/4.3.3/avr51\libgcc.a(_gt_sf.o)
                                                  c:/winavr-20100110/bin/../lib/gcc/avr/4.3.3/avr51\libgcc.a(_mul_sf.o)
                                                  c:/winavr-20100110/bin/../lib/gcc/avr/4.3.3/avr51\libgcc.a(_addsub_sf.o)
__stack                                           c:/winavr-20100110/bin/../lib/gcc/avr/4.3.3/../../../../avr/lib/avr51/crtm128.o
__subsf3                                          c:/winavr-20100110/bin/../lib/gcc/avr/4.3.3/avr51\libgcc.a(_addsub_sf.o)
                                                  c:/winavr-20100110/bin/../lib/gcc/avr/4.3.3/avr51\libgcc.a(_fixunssfsi.o)
                                                  uas1.o
__thenan_sf                                       c:/winavr-20100110/bin/../lib/gcc/avr/4.3.3/avr51\libgcc.a(_thenan_sf.o)
                                                  c:/winavr-20100110/bin/../lib/gcc/avr/4.3.3/avr51\libgcc.a(_mul_sf.o)
                                                  c:/winavr-20100110/bin/../lib/gcc/avr/4.3.3/avr51\libgcc.a(_addsub_sf.o)
__udivmodsi4                                      c:/winavr-20100110/bin/../lib/gcc/avr/4.3.3/avr51\libgcc.a(_udivmodsi4.o)
                                                  c:/winavr-20100110/bin/../lib/gcc/avr/4.3.3/../../../../avr/lib/avr51\libc.a(strtol.o)
                                                  C:/ethernut-5.1/nutbld/lib\libnutcrt.a(putf.o)
                                                  C:/ethernut-5.1/nutbld/lib\libnutarch.a(usart0avr.o)
                                                  C:/ethernut-5.1/nutbld/lib\libnutarch.a(ostimer.o)
                                                  C:/ethernut-5.1/nutbld/lib\libnutos.a(timer.o)
__unpack_f                                        c:/winavr-20100110/bin/../lib/gcc/avr/4.3.3/avr51\libgcc.a(_unpack_sf.o)
                                                  c:/winavr-20100110/bin/../lib/gcc/avr/4.3.3/avr51\libgcc.a(_sf_to_si.o)
                                                  c:/winavr-20100110/bin/../lib/gcc/avr/4.3.3/avr51\libgcc.a(_lt_sf.o)
                                                  c:/winavr-20100110/bin/../lib/gcc/avr/4.3.3/avr51\libgcc.a(_ge_sf.o)
                                                  c:/winavr-20100110/bin/../lib/gcc/avr/4.3.3/avr51\libgcc.a(_gt_sf.o)
                                                  c:/winavr-20100110/bin/../lib/gcc/avr/4.3.3/avr51\libgcc.a(_mul_sf.o)
                                                  c:/winavr-20100110/bin/../lib/gcc/avr/4.3.3/avr51\libgcc.a(_addsub_sf.o)
__vector_1                                        c:/winavr-20100110/bin/../lib/gcc/avr/4.3.3/../../../../avr/lib/avr51/crtm128.o
__vector_10                                       c:/winavr-20100110/bin/../lib/gcc/avr/4.3.3/../../../../avr/lib/avr51/crtm128.o
__vector_11                                       c:/winavr-20100110/bin/../lib/gcc/avr/4.3.3/../../../../avr/lib/avr51/crtm128.o
__vector_12                                       c:/winavr-20100110/bin/../lib/gcc/avr/4.3.3/../../../../avr/lib/avr51/crtm128.o
__vector_13                                       c:/winavr-20100110/bin/../lib/gcc/avr/4.3.3/../../../../avr/lib/avr51/crtm128.o
__vector_14                                       c:/winavr-20100110/bin/../lib/gcc/avr/4.3.3/../../../../avr/lib/avr51/crtm128.o
__vector_15                                       C:/ethernut-5.1/nutbld/lib\libnutarch.a(ih_timer0_comp.o)
                                                  c:/winavr-20100110/bin/../lib/gcc/avr/4.3.3/../../../../avr/lib/avr51/crtm128.o
__vector_16                                       c:/winavr-20100110/bin/../lib/gcc/avr/4.3.3/../../../../avr/lib/avr51/crtm128.o
__vector_17                                       c:/winavr-20100110/bin/../lib/gcc/avr/4.3.3/../../../../avr/lib/avr51/crtm128.o
__vector_18                                       C:/ethernut-5.1/nutbld/lib\libnutarch.a(ih_usart0_rx.o)
                                                  c:/winavr-20100110/bin/../lib/gcc/avr/4.3.3/../../../../avr/lib/avr51/crtm128.o
__vector_19                                       C:/ethernut-5.1/nutbld/lib\libnutarch.a(ih_usart0_udre.o)
                                                  c:/winavr-20100110/bin/../lib/gcc/avr/4.3.3/../../../../avr/lib/avr51/crtm128.o
__vector_2                                        c:/winavr-20100110/bin/../lib/gcc/avr/4.3.3/../../../../avr/lib/avr51/crtm128.o
__vector_20                                       c:/winavr-20100110/bin/../lib/gcc/avr/4.3.3/../../../../avr/lib/avr51/crtm128.o
__vector_21                                       c:/winavr-20100110/bin/../lib/gcc/avr/4.3.3/../../../../avr/lib/avr51/crtm128.o
__vector_22                                       c:/winavr-20100110/bin/../lib/gcc/avr/4.3.3/../../../../avr/lib/avr51/crtm128.o
__vector_23                                       c:/winavr-20100110/bin/../lib/gcc/avr/4.3.3/../../../../avr/lib/avr51/crtm128.o
__vector_24                                       c:/winavr-20100110/bin/../lib/gcc/avr/4.3.3/../../../../avr/lib/avr51/crtm128.o
__vector_25                                       c:/winavr-20100110/bin/../lib/gcc/avr/4.3.3/../../../../avr/lib/avr51/crtm128.o
__vector_26                                       c:/winavr-20100110/bin/../lib/gcc/avr/4.3.3/../../../../avr/lib/avr51/crtm128.o
__vector_27                                       c:/winavr-20100110/bin/../lib/gcc/avr/4.3.3/../../../../avr/lib/avr51/crtm128.o
__vector_28                                       c:/winavr-20100110/bin/../lib/gcc/avr/4.3.3/../../../../avr/lib/avr51/crtm128.o
__vector_29                                       c:/winavr-20100110/bin/../lib/gcc/avr/4.3.3/../../../../avr/lib/avr51/crtm128.o
__vector_3                                        c:/winavr-20100110/bin/../lib/gcc/avr/4.3.3/../../../../avr/lib/avr51/crtm128.o
__vector_30                                       c:/winavr-20100110/bin/../lib/gcc/avr/4.3.3/../../../../avr/lib/avr51/crtm128.o
__vector_31                                       c:/winavr-20100110/bin/../lib/gcc/avr/4.3.3/../../../../avr/lib/avr51/crtm128.o
__vector_32                                       c:/winavr-20100110/bin/../lib/gcc/avr/4.3.3/../../../../avr/lib/avr51/crtm128.o
__vector_33                                       c:/winavr-20100110/bin/../lib/gcc/avr/4.3.3/../../../../avr/lib/avr51/crtm128.o
__vector_34                                       c:/winavr-20100110/bin/../lib/gcc/avr/4.3.3/../../../../avr/lib/avr51/crtm128.o
__vector_4                                        c:/winavr-20100110/bin/../lib/gcc/avr/4.3.3/../../../../avr/lib/avr51/crtm128.o
__vector_5                                        c:/winavr-20100110/bin/../lib/gcc/avr/4.3.3/../../../../avr/lib/avr51/crtm128.o
__vector_6                                        c:/winavr-20100110/bin/../lib/gcc/avr/4.3.3/../../../../avr/lib/avr51/crtm128.o
__vector_7                                        c:/winavr-20100110/bin/../lib/gcc/avr/4.3.3/../../../../avr/lib/avr51/crtm128.o
__vector_8                                        c:/winavr-20100110/bin/../lib/gcc/avr/4.3.3/../../../../avr/lib/avr51/crtm128.o
__vector_9                                        c:/winavr-20100110/bin/../lib/gcc/avr/4.3.3/../../../../avr/lib/avr51/crtm128.o
__vector_default                                  c:/winavr-20100110/bin/../lib/gcc/avr/4.3.3/../../../../avr/lib/avr51/crtm128.o
__vectors                                         c:/winavr-20100110/bin/../lib/gcc/avr/4.3.3/../../../../avr/lib/avr51/crtm128.o
_exit                                             c:/winavr-20100110/bin/../lib/gcc/avr/4.3.3/avr51\libgcc.a(_exit.o)
_fileno                                           C:/ethernut-5.1/nutbld/lib\libnutcrt.a(fileno.o)
                                                  uas1.o
_fmode                                            C:/ethernut-5.1/nutbld/lib\libnutcrt.a(fmode.o)
                                                  C:/ethernut-5.1/nutbld/lib\libnutcrt.a(fopen.o)
_getf                                             C:/ethernut-5.1/nutbld/lib\libnutcrt.a(getf.o)
                                                  C:/ethernut-5.1/nutbld/lib\libnutcrt.a(vsscanf.o)
_ioctl                                            C:/ethernut-5.1/nutbld/lib\libnutcrt.a(ioctl.o)
                                                  uas1.o
_open                                             C:/ethernut-5.1/nutbld/lib\libnutcrt.a(open.o)
                                                  C:/ethernut-5.1/nutbld/lib\libnutcrt.a(fopen.o)
_putf                                             C:/ethernut-5.1/nutbld/lib\libnutcrt.a(putf.o)
                                                  C:/ethernut-5.1/nutbld/lib\libnutcrt.a(vfprintf.o)
_read                                             C:/ethernut-5.1/nutbld/lib\libnutcrt.a(read.o)
                                                  C:/ethernut-5.1/nutbld/lib\libnutcrt.a(fgetc.o)
_write                                            C:/ethernut-5.1/nutbld/lib\libnutcrt.a(write.o)
                                                  C:/ethernut-5.1/nutbld/lib\libnutcrt.a(vfprintf.o)
                                                  C:/ethernut-5.1/nutbld/lib\libnutcrt.a(fputs.o)
                                                  C:/ethernut-5.1/nutbld/lib\libnutcrt.a(fflush.o)
baud                                              uas1.o
calc_sth11                                        uas1.o
confos                                            C:/ethernut-5.1/nutbld/lib\libnutos.a(confos.o)
devUsartAvr0                                      C:/ethernut-5.1/nutbld/lib\libnutarch.a(usart0avr.o)
                                                  uas1.o
errno                                             c:/winavr-20100110/bin/../lib/gcc/avr/4.3.3/../../../../avr/lib/avr51\libc.a(strtol.o)
                                                  C:/ethernut-5.1/nutbld/lib\libnutcrt.a(fmode.o)
                                                  C:/ethernut-5.1/nutbld/lib\libnutcrt.a(open.o)
                                                  C:/ethernut-5.1/nutbld/lib\libnutcrt.a(malloc.o)
                                                  C:/ethernut-5.1/nutbld/lib\libnutcrt.a(errno.o)
                                                  C:/ethernut-5.1/nutbld/lib\libnutcrt.a(fopen.o)
exit                                              c:/winavr-20100110/bin/../lib/gcc/avr/4.3.3/avr51\libgcc.a(_exit.o)
                                                  c:/winavr-20100110/bin/../lib/gcc/avr/4.3.3/../../../../avr/lib/avr51/crtm128.o
fflush                                            C:/ethernut-5.1/nutbld/lib\libnutcrt.a(fflush.o)
                                                  uas1.o
fgetc                                             C:/ethernut-5.1/nutbld/lib\libnutcrt.a(fgetc.o)
                                                  C:/ethernut-5.1/nutbld/lib\libnutcrt.a(fgets.o)
fgets                                             C:/ethernut-5.1/nutbld/lib\libnutcrt.a(fgets.o)
                                                  uas1.o
fopen                                             C:/ethernut-5.1/nutbld/lib\libnutcrt.a(fopen.o)
                                                  uas1.o
fprintf                                           C:/ethernut-5.1/nutbld/lib\libnutcrt.a(fprintf.o)
                                                  C:/ethernut-5.1/nutbld/lib\libnutos.a(heap.o)
                                                  uas1.o
fputs                                             C:/ethernut-5.1/nutbld/lib\libnutcrt.a(fputs.o)
                                                  uas1.o
free                                              C:/ethernut-5.1/nutbld/lib\libnutcrt.a(malloc.o)
                                                  C:/ethernut-5.1/nutbld/lib\libnutcrt.a(putf.o)
                                                  C:/ethernut-5.1/nutbld/lib\libnutcrt.a(fopen.o)
                                                  C:/ethernut-5.1/nutbld/lib\libnutdev.a(usart.o)
heapFreeList                                      C:/ethernut-5.1/nutbld/lib\libnutcrt.a(malloc.o)
                                                  C:/ethernut-5.1/nutbld/lib\libnutarch.a(context_gcc.o)
                                                  C:/ethernut-5.1/nutbld/lib\libnutos.a(timer.o)
                                                  C:/ethernut-5.1/nutbld/lib\libnutos.a(thread.o)
                                                  C:/ethernut-5.1/nutbld/lib\libnutos.a(heap.o)
                                                  C:/ethernut-5.1/nutbld/lib/nutinit.o
idle_sleep_mode                                   C:/ethernut-5.1/nutbld/lib/nutinit.o
isspace                                           c:/winavr-20100110/bin/../lib/gcc/avr/4.3.3/../../../../avr/lib/avr51\libc.a(isspace.o)
                                                  c:/winavr-20100110/bin/../lib/gcc/avr/4.3.3/../../../../avr/lib/avr51\libc.a(strtol.o)
                                                  C:/ethernut-5.1/nutbld/lib\libnutcrt.a(getf.o)
killedThread                                      C:/ethernut-5.1/nutbld/lib\libnutos.a(thread.o)
led_on                                            uas1.o
main                                              c:/winavr-20100110/bin/../lib/gcc/avr/4.3.3/../../../../avr/lib/avr51/crtm128.o
malloc                                            C:/ethernut-5.1/nutbld/lib\libnutcrt.a(malloc.o)
                                                  C:/ethernut-5.1/nutbld/lib\libnutcrt.a(putf.o)
                                                  C:/ethernut-5.1/nutbld/lib\libnutcrt.a(fopen.o)
                                                  C:/ethernut-5.1/nutbld/lib\libnutdev.a(usart.o)
memchr                                            c:/winavr-20100110/bin/../lib/gcc/avr/4.3.3/../../../../avr/lib/avr51\libc.a(memchr.o)
                                                  C:/ethernut-5.1/nutbld/lib\libnutcrt.a(putf.o)
memcmp                                            c:/winavr-20100110/bin/../lib/gcc/avr/4.3.3/../../../../avr/lib/avr51\libc.a(memcmp.o)
                                                  C:/ethernut-5.1/nutbld/lib\libnutos.a(confos.o)
memcpy                                            c:/winavr-20100110/bin/../lib/gcc/avr/4.3.3/../../../../avr/lib/avr51\libc.a(memcpy.o)
                                                  C:/ethernut-5.1/nutbld/lib\libnutos.a(heap.o)
memset                                            c:/winavr-20100110/bin/../lib/gcc/avr/4.3.3/../../../../avr/lib/avr51\libc.a(memset.o)
                                                  C:/ethernut-5.1/nutbld/lib\libnutos.a(heap.o)
ms62_5                                            C:/ethernut-5.1/nutbld/lib/nutinit.o
nutDeviceList                                     C:/ethernut-5.1/nutbld/lib\libnutos.a(devreg.o)
nutThreadList                                     C:/ethernut-5.1/nutbld/lib\libnutarch.a(context_gcc.o)
                                                  C:/ethernut-5.1/nutbld/lib\libnutos.a(thread.o)
nutTimerList                                      C:/ethernut-5.1/nutbld/lib\libnutos.a(timer.o)
nut_ticks                                         C:/ethernut-5.1/nutbld/lib\libnutos.a(timer.o)
rotate_Left                                       uas1.o
rotate_Right                                      uas1.o
runQueue                                          C:/ethernut-5.1/nutbld/lib\libnutarch.a(context_gcc.o)
                                                  C:/ethernut-5.1/nutbld/lib\libnutos.a(event.o)
                                                  C:/ethernut-5.1/nutbld/lib\libnutos.a(timer.o)
                                                  C:/ethernut-5.1/nutbld/lib\libnutos.a(thread.o)
runningThread                                     C:/ethernut-5.1/nutbld/lib\libnutarch.a(context_gcc.o)
                                                  C:/ethernut-5.1/nutbld/lib\libnutos.a(event.o)
                                                  C:/ethernut-5.1/nutbld/lib\libnutos.a(timer.o)
                                                  C:/ethernut-5.1/nutbld/lib\libnutos.a(thread.o)
sig_OUTPUT_COMPARE0                               C:/ethernut-5.1/nutbld/lib\libnutarch.a(ih_timer0_comp.o)
                                                  C:/ethernut-5.1/nutbld/lib\libnutarch.a(ostimer.o)
sig_UART0_DATA                                    C:/ethernut-5.1/nutbld/lib\libnutarch.a(ih_usart0_udre.o)
                                                  C:/ethernut-5.1/nutbld/lib\libnutarch.a(usart0avr.o)
sig_UART0_RECV                                    C:/ethernut-5.1/nutbld/lib\libnutarch.a(ih_usart0_rx.o)
                                                  C:/ethernut-5.1/nutbld/lib\libnutarch.a(usart0avr.o)
sscanf                                            C:/ethernut-5.1/nutbld/lib\libnutcrt.a(sscanf.o)
                                                  uas1.o
strchr                                            c:/winavr-20100110/bin/../lib/gcc/avr/4.3.3/../../../../avr/lib/avr51\libc.a(strchr.o)
                                                  uas1.o
strcmp                                            c:/winavr-20100110/bin/../lib/gcc/avr/4.3.3/../../../../avr/lib/avr51\libc.a(strcmp.o)
                                                  C:/ethernut-5.1/nutbld/lib\libnutos.a(devreg.o)
                                                  C:/ethernut-5.1/nutbld/lib\libnutos.a(thread.o)
strcpy                                            c:/winavr-20100110/bin/../lib/gcc/avr/4.3.3/../../../../avr/lib/avr51\libc.a(strcpy.o)
                                                  C:/ethernut-5.1/nutbld/lib\libnutos.a(confos.o)
strcpy_P                                          c:/winavr-20100110/bin/../lib/gcc/avr/4.3.3/../../../../avr/lib/avr51\libc.a(strcpy_P.o)
                                                  C:/ethernut-5.1/nutbld/lib\libnutcrt.a(putf.o)
strlen_P                                          c:/winavr-20100110/bin/../lib/gcc/avr/4.3.3/../../../../avr/lib/avr51\libc.a(strlen_P.o)
                                                  C:/ethernut-5.1/nutbld/lib\libnutcrt.a(putf.o)
strtok                                            c:/winavr-20100110/bin/../lib/gcc/avr/4.3.3/../../../../avr/lib/avr51\libc.a(strtok.o)
                                                  uas1.o
strtok_r                                          c:/winavr-20100110/bin/../lib/gcc/avr/4.3.3/../../../../avr/lib/avr51\libc.a(strtok_r.o)
                                                  c:/winavr-20100110/bin/../lib/gcc/avr/4.3.3/../../../../avr/lib/avr51\libc.a(strtok.o)
strtol                                            c:/winavr-20100110/bin/../lib/gcc/avr/4.3.3/../../../../avr/lib/avr51\libc.a(strtol.o)
                                                  C:/ethernut-5.1/nutbld/lib\libnutcrt.a(getf.o)
thread_start                                      C:/ethernut-5.1/nutbld/lib\libnutarch.a(context_gcc.o)
uart                                              uas1.o
vfprintf                                          C:/ethernut-5.1/nutbld/lib\libnutcrt.a(vfprintf.o)
                                                  C:/ethernut-5.1/nutbld/lib\libnutcrt.a(fprintf.o)
vsscanf                                           C:/ethernut-5.1/nutbld/lib\libnutcrt.a(vsscanf.o)
                                                  C:/ethernut-5.1/nutbld/lib\libnutcrt.a(sscanf.o)